scripts/kconfig/conf --silentoldconfig Kconfig
warning: (ARCH_MSM_KRAITMP && ARCH_MSM_CORTEX_A5) selects HAVE_HW_BRKPT_RESERVED_RW_ACCESS which has unmet direct dependencies (HAVE_HW_BREAKPOINT)
warning: (ARCH_MSM_KRAITMP && ARCH_MSM_CORTEX_A5) selects HAVE_HW_BRKPT_RESERVED_RW_ACCESS which has unmet direct dependencies (HAVE_HW_BREAKPOINT)
  WRAP    arch/arm/include/generated/asm/auxvec.h
  CHK     include/linux/version.h
  WRAP    arch/arm/include/generated/asm/cputime.h
  WRAP    arch/arm/include/generated/asm/emergency-restart.h
  WRAP    arch/arm/include/generated/asm/bitsperlong.h
  WRAP    arch/arm/include/generated/asm/errno.h
  WRAP    arch/arm/include/generated/asm/irq_regs.h
  WRAP    arch/arm/include/generated/asm/ioctl.h
  UPD     include/linux/version.h
  WRAP    arch/arm/include/generated/asm/kdebug.h
  WRAP    arch/arm/include/generated/asm/local.h
  WRAP    arch/arm/include/generated/asm/percpu.h
  WRAP    arch/arm/include/generated/asm/poll.h
  WRAP    arch/arm/include/generated/asm/resource.h
  WRAP    arch/arm/include/generated/asm/local64.h
  WRAP    arch/arm/include/generated/asm/sections.h
  WRAP    arch/arm/include/generated/asm/siginfo.h
  WRAP    arch/arm/include/generated/asm/sizes.h
  CC      scripts/mod/empty.o
  HOSTCC  scripts/kallsyms
  HOSTCC  scripts/bin2c
  HOSTCC  scripts/selinux/genheaders/genheaders
  HOSTCC  scripts/mod/mk_elfconfig
  HOSTCC  scripts/recordmcount
  HOSTCC  scripts/selinux/mdp/mdp
  MKELF   scripts/mod/elfconfig.h
  CHK     include/generated/utsrelease.h
  HOSTCC  scripts/mod/file2alias.o
  UPD     include/generated/utsrelease.h
  HOSTCC  scripts/mod/modpost.o
  HOSTCC  scripts/mod/sumversion.o
  Generating include/generated/mach-types.h
  CC      kernel/bounds.s
  GEN     include/generated/bounds.h
  CC      arch/arm/kernel/asm-offsets.s
  HOSTLD  scripts/mod/modpost
  GEN     include/generated/asm-offsets.h
  CALL    scripts/checksyscalls.sh
  CC      init/main.o
  CHK     include/generated/compile.h
  HOSTCC  usr/gen_init_cpio
  CC      init/do_mounts_rd.o
  AS      arch/arm/vfp/entry.o
  CC      arch/arm/vfp/vfpmodule.o
  CC      init/do_mounts.o
  CC      arch/arm/kernel/elf.o
  UPD     include/generated/compile.h
  AS      arch/arm/kernel/entry-armv.o
  CC      init/do_mounts_initrd.o
  CC      init/initramfs.o
  GEN     usr/initramfs_data.cpio
  AS      usr/initramfs_data.o
  AS      arch/arm/kernel/entry-common.o
  LD      usr/built-in.o
  CC      init/calibrate.o
  CC      arch/arm/kernel/irq.o
  AS      arch/arm/vfp/vfphw.o
  CC      arch/arm/kernel/opcodes.o
  CC      arch/arm/vfp/vfpsingle.o
  CC      arch/arm/kernel/process.o
  CC      arch/arm/kernel/ptrace.o
  CC      arch/arm/vfp/vfpdouble.o
  CC      arch/arm/mm/dma-mapping.o
  CC      arch/arm/mm/extable.o
  CC      arch/arm/mm/fault.o
  CC      init/version.o
  LD      init/mounts.o
  CC      arch/arm/mm/init.o
  LD      init/built-in.o
  CC      arch/arm/common/gic.o
  CC      arch/arm/kernel/return_address.o
  CC      arch/arm/kernel/sched_clock.o
  CC      arch/arm/kernel/setup.o
arch/arm/kernel/return_address.c:62:2: warning: #warning "TODO: return_address should use unwind tables" [-Wcpp]
  CC      arch/arm/mm/iomap.o
  CC      arch/arm/mm/fault-armv.o
  CC      arch/arm/net/bpf_jit_32.o
  CC      arch/arm/mm/flush.o
  LD      arch/arm/vfp/vfp.o
  LD      arch/arm/vfp/built-in.o
  CC      arch/arm/mm/idmap.o
  CC      arch/arm/mach-msm/io.o
  CC      arch/arm/mach-msm/dma.o
  CC      arch/arm/mm/ioremap.o
  CC      arch/arm/kernel/signal.o
  CC      arch/arm/mach-msm/memory.o
  CC      arch/arm/kernel/stacktrace.o
  CC      arch/arm/kernel/sys_arm.o
  CC      arch/arm/mm/mmap.o
  CC      arch/arm/mm/pgd.o
  LD      arch/arm/common/built-in.o
  CC      arch/arm/mach-msm/emmc_partitions.o
  CC      arch/arm/mach-msm/timer.o
  CC      arch/arm/kernel/time.o
  CC      arch/arm/kernel/traps.o
  CC      arch/arm/kernel/cpuidle.o
  CC      arch/arm/perfmon/perf-function-hooks.o
  CC      kernel/fork.o
  CC      arch/arm/mm/mmu.o
  CC      arch/arm/mm/vmregion.o
  CC      arch/arm/mm/proc-syms.o
  LD      arch/arm/perfmon/built-in.o
  CC      arch/arm/mm/alignment.o
  CC      arch/arm/kernel/armksyms.o
  CC      kernel/exec_domain.o
  CC      kernel/panic.o
  LD      arch/arm/net/built-in.o
  CC      arch/arm/kernel/module.o
  CC      arch/arm/mach-msm/clock.o
  CC      mm/filemap.o
  CC      arch/arm/mm/highmem.o
  CC      arch/arm/mach-msm/clock-voter.o
  AS      arch/arm/kernel/sleep.o
  CC      arch/arm/kernel/suspend.o
  CC      fs/open.o
  CC      arch/arm/mach-msm/clock-dummy.o
  LD      ipc/built-in.o
  CC      mm/mempool.o
  CC      mm/oom_kill.o
  CC      arch/arm/kernel/smp.o
  AS      arch/arm/mm/abort-ev7.o
  CC      arch/arm/mach-msm/modem_notifier.o
  AS      arch/arm/mm/pabort-v7.o
  AS      arch/arm/mm/cache-v7.o
  CC      arch/arm/mm/copypage-v6.o
  CC      arch/arm/mach-msm/subsystem_map.o
  CC      arch/arm/mach-msm/nohlt.o
  CC      kernel/printk.o
  CC      arch/arm/mm/context.o
  CC      kernel/cpu.o
  CC      arch/arm/kernel/smp_tlb.o
  CC      fs/read_write.o
  CC      security/keys/gc.o
  CC      arch/arm/kernel/smp_scu.o
  AS      arch/arm/mm/tlb-v7.o
  AS      arch/arm/mm/proc-v7.o
  LD      arch/arm/mm/built-in.o
  CC      kernel/exit.o
  CC      arch/arm/mach-msm/clock-debug.o
  CC      arch/arm/kernel/ftrace.o
  CC      security/keys/key.o
  CC      security/keys/keyring.o
  CC      mm/fadvise.o
  CC      arch/arm/kernel/insn.o
  CC      arch/arm/mach-msm/acpuclock.o
  CC      arch/arm/kernel/thumbee.o
  CC      fs/file_table.o
  CC      arch/arm/kernel/unwind.o
  CC      mm/maccess.o
  CC      arch/arm/mach-msm/radio_feedback.o
  CC      mm/page_alloc.o
  CC      fs/super.o
  GEN     security/selinux/flask.h security/selinux/av_permissions.h
  CC      security/selinux/avc.o
  CC      arch/arm/mach-msm/msm-krait-l2-accessors.o
  CC      security/keys/keyctl.o
  CC      arch/arm/kernel/swp_emulate.o
  CC      arch/arm/mach-msm/pmu.o
  CC      arch/arm/kernel/pmu.o
  CC      arch/arm/mach-msm/perf_event_msm_krait_l2.o
  CC      arch/arm/mach-msm/krait-scm.o
  CC      kernel/itimer.o
  CC      arch/arm/kernel/perf_event.o
  CC      arch/arm/kernel/topology.o
  CC      security/selinux/hooks.o
  CC      fs/char_dev.o
  CC      security/selinux/selinuxfs.o
  AS      arch/arm/mach-msm/headsmp.o
  CC      security/keys/permission.o
  TIMEC   kernel/timeconst.h
  CC      security/keys/process_keys.o
  CC      arch/arm/mach-msm/platsmp.o
  CC      fs/stat.o
  CC      arch/arm/mach-msm/hotplug.o
  CC      kernel/softirq.o
  AS      arch/arm/mach-msm/idle-v7.o
  CC      security/keys/request_key.o
  CC      arch/arm/kernel/io.o
  CC      arch/arm/mach-msm/htc_port_list_lte.o
  CC      fs/exec.o
  AS      arch/arm/kernel/head.o
  CC      arch/arm/kernel/init_task.o
  CC      security/keys/request_key_auth.o
  CC      security/keys/user_defined.o
  LDS     arch/arm/kernel/vmlinux.lds
  LD      arch/arm/kernel/built-in.o
  CC      arch/arm/mach-msm/scm.o
  CC      mm/page-writeback.o
  CC      mm/readahead.o
  CC      mm/swap.o
  CC      security/keys/proc.o
  CC      kernel/resource.o
  CC      security/keys/sysctl.o
  LD      security/keys/built-in.o
  CC      mm/truncate.o
  CC      arch/arm/mach-msm/scm-boot.o
  CC      crypto/api.o
  CC      arch/arm/mach-msm/htc_simlock.o
  CC      mm/vmscan.o
  CC      fs/pipe.o
  CC      kernel/sysctl.o
  CC      arch/arm/mach-msm/htc_sdservice.o
  CC      mm/shmem.o
  CC      crypto/cipher.o
  CC      security/selinux/netlink.o
  CC      arch/arm/mach-msm/htc_drm.o
  CC      crypto/compress.o
  CC      mm/prio_tree.o
  CC      security/selinux/nlmsgtab.o
  CC      fs/namei.o
  CC      crypto/algapi.o
  CC      mm/util.o
  CC      kernel/sysctl_binary.o
  CC      security/selinux/netif.o
  CC      arch/arm/mach-msm/htc_debug.o
  CC      security/selinux/netnode.o
  CC      kernel/capability.o
  CC      crypto/scatterwalk.o
  CC      arch/arm/mach-msm/htc_rmtmsg.o
  CC      crypto/proc.o
  CC      crypto/ablkcipher.o
  CC      kernel/ptrace.o
  CC      security/selinux/netport.o
  CC      arch/arm/mach-msm/peripheral-loader.o
  CC      arch/arm/mach-msm/scm-pas.o
  CC      mm/mmzone.o
  CC      mm/vmstat.o
  CC      crypto/blkcipher.o
  CC      fs/fcntl.o
  CC      security/selinux/exports.o
  CC      kernel/timer.o
  CC      arch/arm/mach-msm/pil-q6v4.o
  CC      security/selinux/ss/ebitmap.o
  CC      fs/ioctl.o
  CC      mm/backing-dev.o
  CC      crypto/ahash.o
  CC      crypto/shash.o
  CC      crypto/algboss.o
  CC      arch/arm/mach-msm/pil-riva.o
  CC      fs/readdir.o
  CC      security/selinux/ss/hashtab.o
  CC      arch/arm/mach-msm/pil-tzapps.o
  CC      arch/arm/mach-msm/pil-vidc.o
  CC      arch/arm/mach-msm/pil-gss.o
  CC      security/selinux/ss/symtab.o
  CC      fs/select.o
  CC      crypto/testmgr.o
  CC      security/selinux/ss/sidtab.o
  CC      mm/page_isolation.o
  CC      mm/mm_init.o
  CC      mm/mmu_context.o
  CC      security/commoncap.o
  CC      security/min_addr.o
  CC      crypto/crypto_wq.o
  CC      arch/arm/mach-msm/bam_dmux.o
  CC      mm/percpu.o
  CC      mm/compaction.o
  LD      crypto/crypto_algapi.o
  CC      crypto/aead.o
  CC      kernel/user.o
  CC      security/selinux/ss/avtab.o
  CC      fs/fifo.o
  CC      kernel/signal.o
  CC      kernel/sys.o
  CC      fs/dcache.o
  LD      crypto/crypto_blkcipher.o
  CC      crypto/chainiv.o
  CC      security/selinux/ss/policydb.o
  CC      security/selinux/ss/services.o
  CC      crypto/eseqiv.o
  CC      mm/fremap.o
  LD      crypto/crypto_hash.o
  CC      mm/highmem.o
  CC      crypto/pcompress.o
  CC      mm/madvise.o
  CC      arch/arm/mach-msm/smd.o
  LD      crypto/cryptomgr.o
  CC      crypto/hmac.o
  CC      arch/arm/mach-msm/smd_debug.o
  CC      mm/memory.o
  CC      fs/inode.o
  CC      crypto/md4.o
  CC      kernel/kmod.o
  CC      kernel/workqueue.o
  CC      kernel/pid.o
  CC      crypto/md5.o
  CC      security/selinux/ss/conditional.o
  CC      crypto/sha1_generic.o
  CC      security/selinux/ss/mls.o
  CC      fs/attr.o
  CC      security/selinux/ss/status.o
  CC      crypto/sha256_generic.o
  CC      fs/bad_inode.o
  CC      fs/file.o
  CC      fs/filesystems.o
  LD      security/selinux/selinux.o
  LD      security/selinux/built-in.o
  CC      arch/arm/mach-msm/remote_spinlock.o
  CC      security/security.o
  CC      mm/mincore.o
  CC      security/capability.o
  CC      arch/arm/mach-msm/smd_private.o
  CC      arch/arm/mach-msm/socinfo.o
  CC      mm/mlock.o
  CC      crypto/ecb.o
  CC      fs/namespace.o
  CC      fs/seq_file.o
  CC      crypto/cbc.o
  CC      arch/arm/mach-msm/htc_sysinfo.o
  CC      arch/arm/mach-msm/smd_tty.o
  CC      security/lsm_audit.o
  CC      mm/mmap.o
  CC      kernel/rcupdate.o
  CC      crypto/des_generic.o
  CC      crypto/twofish_generic.o
  CC      crypto/twofish_common.o
  CC      kernel/extable.o
  CC      arch/arm/mach-msm/smd_qmi.o
  LD      security/built-in.o
  CC      kernel/params.o
  CC      crypto/aes_generic.o
  CC      arch/arm/mach-msm/smd_pkt.o
  CC      block/elevator.o
  CC      fs/xattr.o
  LD      drivers/auxdisplay/built-in.o
  CC      drivers/base/core.o
  CC      drivers/base/bus.o
  CC      kernel/posix-timers.o
  CC      mm/mprotect.o
  CC      arch/arm/mach-msm/msm_dsps.o
  CC      mm/mremap.o
  CC      fs/libfs.o
  CC      crypto/arc4.o
  CC      fs/fs-writeback.o
  CC      block/blk-core.o
  CC      drivers/base/dd.o
  CC      crypto/deflate.o
  CC      kernel/kthread.o
  CC      arch/arm/mach-msm/smd_nmea.o
  CC      crypto/crc32c.o
  CC      mm/msync.o
  CC      drivers/base/syscore.o
  CC      kernel/wait.o
  CC      crypto/authenc.o
  CC      arch/arm/mach-msm/reset_modem.o
  CC      mm/rmap.o
  CC      arch/arm/mach-msm/ipc_router_smd_xprt.o
  CC      drivers/base/driver.o
  CC      kernel/kfifo.o
  CC      sound/sound_core.o
  CC      drivers/base/class.o
  LD      sound/arm/built-in.o
  LD      sound/atmel/built-in.o
  CC      sound/core/hwdep.o
  CC      crypto/authencesn.o
  CC      drivers/base/platform.o
  CC      kernel/sys_ni.o
  CC      arch/arm/mach-msm/ipc_router.o
  CC      kernel/posix-cpu-timers.o
  CC      mm/vmalloc.o
  CC      sound/core/memalloc.o
  CC      fs/pnode.o
  CC      drivers/base/cpu.o
  CC      fs/drop_caches.o
  CC      sound/core/pcm.o
  CC      crypto/rng.o
  CC      drivers/base/firmware.o
  CC      kernel/mutex.o
  CC      fs/splice.o
  CC      block/blk-tag.o
  CC      drivers/base/init.o
  CC      crypto/krng.o
  CC      drivers/base/map.o
  CC      kernel/hrtimer.o
  CC      crypto/ansi_cprng.o
  CC      drivers/base/devres.o
  CC      block/blk-sysfs.o
  CC      sound/core/pcm_native.o
  CC      arch/arm/mach-msm/ipc_socket.o
  CC      mm/pagewalk.o
  CC      drivers/base/attribute_container.o
  LD      crypto/crypto.o
  LD      crypto/built-in.o
  CC      arch/arm/mach-msm/smd_rpc_sym.o
  CC      block/blk-flush.o
  CC      fs/sync.o
  CC      mm/pgtable-generic.o
  CC      fs/utimes.o
  CC      drivers/base/transport_class.o
  CC      kernel/rwsem.o
  CC      drivers/base/topology.o
  CC      mm/process_vm_access.o
  CC      kernel/nsproxy.o
  CC      drivers/base/sys.o
  LD      arch/arm/mach-msm/display/built-in.o
  CC      arch/arm/mach-msm/msm_bus/msm_bus_core.o
  CC      block/blk-settings.o
  CC      fs/stack.o
  CC      fs/fs_struct.o
  CC      arch/arm/mach-msm/msm_bus/msm_bus_fabric.o
  CC      arch/arm/mach-msm/msm_bus/msm_bus_config.o
  CC      drivers/base/power/sysfs.o
  CC      kernel/srcu.o
  CC      mm/init-mm.o
  CC      fs/statfs.o
  CC      mm/bootmem.o
  CC      mm/memblock.o
  CC      block/blk-ioc.o
  CC      drivers/base/power/generic_ops.o
  CC      kernel/semaphore.o
  CC      drivers/base/power/common.o
  CC      fs/buffer.o
  CC      arch/arm/mach-msm/msm_bus/msm_bus_arb.o
  CC      kernel/notifier.o
  CC      block/blk-map.o
  CC      drivers/base/power/qos.o
  CC      drivers/base/power/main.o
  CC      mm/bounce.o
  CC      kernel/ksysfs.o
  CC      sound/core/pcm_lib.o
  CC      sound/core/pcm_timer.o
  CC      kernel/cred.o
  CC      block/blk-exec.o
  CC      arch/arm/mach-msm/msm_bus/msm_bus_bimc.o
  CC      mm/dmapool.o
  CC      mm/ksm.o
  CC      block/blk-merge.o
  CC      drivers/base/power/wakeup.o
  CC      kernel/async.o
  CC      kernel/range.o
  CC      arch/arm/mach-msm/msm_bus/msm_bus_noc.o
  CC      arch/arm/mach-msm/msm_bus/msm_bus_of.o
  CC      kernel/groups.o
  CC      block/blk-softirq.o
  CC      kernel/events/core.o
  CC      drivers/base/power/runtime.o
  CC      sound/core/pcm_misc.o
  CC      drivers/base/power/clock_ops.o
  CC      arch/arm/mach-msm/msm_bus/msm_bus_rpm.o
  CC      block/blk-timeout.o
  CC      mm/slub.o
  CC      fs/bio.o
  CC      sound/core/pcm_memory.o
  CC      sound/core/rawmidi.o
  CC      block/blk-iopoll.o
  LD      drivers/base/power/built-in.o
  CC      drivers/base/regmap/regmap.o
  CC      drivers/base/regmap/regcache.o
  CC      arch/arm/mach-msm/msm_bus/msm_bus_board_8960.o
  CC      block/blk-lib.o
  CC      arch/arm/mach-msm/msm_bus/msm_bus_board_8064.o
  CC      arch/arm/mach-msm/msm_bus/msm_bus_dbg.o
  CC      fs/block_dev.o
  CC      block/ioctl.o
  CC      sound/core/timer.o
  CC      block/genhd.o
  CC      drivers/base/regmap/regcache-rbtree.o
  LD      arch/arm/mach-msm/msm_bus/built-in.o
  CC      arch/arm/mach-msm/qdsp6v2/apr.o
  CC      arch/arm/mach-msm/pm-boot.o
  CC      drivers/base/regmap/regcache-lzo.o
  CC      drivers/base/regmap/regmap-debugfs.o
  CC      fs/direct-io.o
  CC      mm/migrate.o
  CC      fs/mpage.o
  CC      drivers/base/regmap/regmap-i2c.o
  CC      arch/arm/mach-msm/qdsp6v2/apr_tal.o
  CC      block/scsi_ioctl.o
  CC      sound/core/sound.o
  CC      drivers/base/regmap/regmap-spi.o
  CC      arch/arm/mach-msm/qdsp6v2/q6core.o
  LD      drivers/base/regmap/built-in.o
  CC      drivers/base/dma-mapping.o
  CC      kernel/events/ring_buffer.o
  CC      kernel/events/callchain.o
  CC      sound/core/init.o
  CC      mm/kmemleak.o
  CC      drivers/base/dma-coherent.o
  CC      arch/arm/mach-msm/qdsp6v2/dsp_debug.o
  CC      block/partition-generic.o
  CC      arch/arm/mach-msm/qdsp6v2/audio_acdb.o
  LD      kernel/events/built-in.o
  CC      kernel/irq/irqdesc.o
  CC      drivers/base/dma-buf.o
  CC      drivers/base/genlock.o
  CC      sound/core/memory.o
  CC      kernel/irq/handle.o
  CC      sound/core/info.o
  CC      sound/core/control.o
  CC      block/partitions/check.o
  CC      arch/arm/mach-msm/qdsp6v2/aac_in.o
  CC      mm/cleancache.o
  CC      kernel/irq/manage.o
  CC      drivers/base/firmware_class.o
  CC      fs/ioprio.o
  CC      block/partitions/msdos.o
  LD      mm/built-in.o
  CC      drivers/base/module.o
  CC      arch/arm/mach-msm/qdsp6v2/qcelp_in.o
  CC      arch/arm/mach-msm/qdsp6v2/evrc_in.o
  CC      arch/arm/mach-msm/qdsp6v2/amrnb_in.o
  CC      fs/proc_namespace.o
  CC      drivers/base/soc.o
  LD      fs/cifs/built-in.o
  CC [M]  fs/cifs/cifsfs.o
  CC      block/partitions/efi.o
  CC      kernel/irq/spurious.o
  CC      sound/core/misc.o
  CC      drivers/base/sync.o
  CC      drivers/base/sw_sync.o
  CC      arch/arm/mach-msm/qdsp6v2/audio_utils.o
  CC      sound/core/device.o
  CC      fs/debugfs/inode.o
  CC      kernel/irq/resend.o
  CC      kernel/irq/chip.o
  CC      kernel/power/qos.o
  CC      sound/core/jack.o
  LD      block/partitions/built-in.o
  CC      block/noop-iosched.o
  CC      arch/arm/mach-msm/qdsp6v2/audio_wma.o
  LD      sound/core/snd.o
  LD      sound/core/snd-hwdep.o
  LD      sound/core/snd-timer.o
  LD      sound/core/snd-pcm.o
  LD      sound/core/snd-page-alloc.o
  LD      sound/core/snd-rawmidi.o
  LD      sound/core/built-in.o
  CC      kernel/power/main.o
  LD      sound/drivers/mpu401/built-in.o
  CC [M]  fs/cifs/cifssmb.o
  LD      sound/drivers/opl3/built-in.o
  LD      sound/drivers/opl4/built-in.o
  LD      sound/drivers/pcsp/built-in.o
  LD      sound/drivers/vx/built-in.o
  LD      sound/drivers/built-in.o
  LD      sound/firewire/built-in.o
  CC      fs/debugfs/file.o
  LD      sound/i2c/other/built-in.o
  LD      sound/i2c/built-in.o
  LD      sound/isa/ad1816a/built-in.o
  LD      sound/isa/ad1848/built-in.o
  LD      sound/isa/cs423x/built-in.o
  LD      sound/isa/es1688/built-in.o
  LD      sound/isa/galaxy/built-in.o
  LD      sound/isa/gus/built-in.o
  LD      sound/isa/msnd/built-in.o
  LD      sound/isa/opti9xx/built-in.o
  LD      sound/isa/sb/built-in.o
  LD      sound/isa/wavefront/built-in.o
  LD      sound/isa/wss/built-in.o
  LD      sound/isa/built-in.o
  LD      sound/mips/built-in.o
  LD      sound/parisc/built-in.o
  CC      kernel/irq/dummychip.o
  LD      sound/pci/ac97/built-in.o
  CC      arch/arm/mach-msm/qdsp6v2/audio_wmapro.o
  LD      sound/pci/ali5451/built-in.o
  LD      sound/pci/asihpi/built-in.o
  LD      sound/pci/au88x0/built-in.o
  LD      sound/pci/aw2/built-in.o
  LD      sound/pci/ca0106/built-in.o
  LD      sound/pci/cs46xx/built-in.o
  LD      sound/pci/cs5535audio/built-in.o
  LD      sound/pci/ctxfi/built-in.o
  CC      block/deadline-iosched.o
  LD      sound/pci/echoaudio/built-in.o
  LD      sound/pci/emu10k1/built-in.o
  LD      sound/pci/hda/built-in.o
  LD      sound/pci/ice1712/built-in.o
  LD      drivers/base/built-in.o
  LD      sound/pci/korg1212/built-in.o
  LD      sound/pci/lola/built-in.o
  LD      sound/pci/lx6464es/built-in.o
  LD      sound/pci/mixart/built-in.o
  LD      sound/pci/nm256/built-in.o
  LD      sound/pci/oxygen/built-in.o
  LD      sound/pci/pcxhr/built-in.o
  LD      sound/pci/riptide/built-in.o
  LD      sound/pci/rme9652/built-in.o
  CC      drivers/block/brd.o
  LD      sound/pci/trident/built-in.o
  LD      sound/pci/vx222/built-in.o
  LD      sound/pci/ymfpci/built-in.o
  LD      sound/pci/built-in.o
  LD      sound/pcmcia/pdaudiocf/built-in.o
  LD      sound/pcmcia/vx/built-in.o
  LD      sound/pcmcia/built-in.o
  LD      sound/ppc/built-in.o
  CC      kernel/irq/devres.o
  LD      sound/sh/built-in.o
  CC      sound/soc/soc-core.o
  CC      kernel/power/process.o
  CC      kernel/irq/autoprobe.o
  CC      arch/arm/mach-msm/qdsp6v2/audio_aac.o
  LD      fs/debugfs/debugfs.o
  LD      fs/debugfs/built-in.o
  CC      arch/arm/mach-msm/qdsp6v2/audio_multi_aac.o
  CC      block/row-iosched.o
  CC      kernel/irq/irqdomain.o
  CC      drivers/block/loop.o
  CC      kernel/power/suspend.o
  LD      firmware/built-in.o
  LD      drivers/bluetooth/built-in.o
  CC      arch/arm/mach-msm/qdsp6v2/audio_utils_aio.o
  CC      net/socket.o
  CC      kernel/irq/proc.o
  CC      kernel/power/wakelock.o
  CC      block/cfq-iosched.o
  CC      kernel/irq/pm.o
  LD      drivers/block/built-in.o
  LD      drivers/cdrom/built-in.o
  CC      drivers/char/mem.o
  CC      arch/arm/mach-msm/qdsp6v2/rtac.o
  CC      kernel/power/userwakelock.o
  LD      kernel/irq/built-in.o
  CC      arch/arm/mach-msm/qdsp6v2/q6audio_v1.o
  CC      arch/arm/mach-msm/pm-8x60.o
  CC      drivers/char/random.o
  CC      kernel/power/earlysuspend.o
  LD      net/802/built-in.o
  CC      net/bluetooth/af_bluetooth.o
  CC      arch/arm/mach-msm/qdsp6v2/q6audio_v1_aio.o
  CC      kernel/power/fbearlysuspend.o
  CC      sound/soc/soc-dapm.o
  CC      arch/arm/mach-msm/qdsp6v2/audio_mp3.o
  CC      kernel/power/poweroff.o
  LD      kernel/power/built-in.o
  CC      kernel/sched/core.o
  LD      block/built-in.o
  CC      kernel/sched/clock.o
  CC      net/bluetooth/hci_core.o
  CC      drivers/char/misc.o
  CC      net/bluetooth/hci_conn.o
  CC      arch/arm/mach-msm/qdsp6v2/audio_amrnb.o
  CC      arch/arm/mach-msm/qdsp6v2/audio_amrwb.o
  CC      drivers/char/diag/diagchar_core.o
  LD      sound/sparc/built-in.o
  CC      fs/devpts/inode.o
  CC      arch/arm/mach-msm/qdsp6v2/audio_evrc.o
  LD      fs/devpts/devpts.o
  LD      fs/devpts/built-in.o
  CC      arch/arm/mach-msm/qdsp6v2/audio_qcelp.o
  LD      sound/spi/built-in.o
  CC      arch/arm/mach-msm/pm-data.o
  CC      drivers/char/hw_random/core.o
  CC [M]  fs/cifs/cifs_debug.o
  CC      arch/arm/mach-msm/qdsp6v2/amrwb_in.o
  CC      drivers/char/hw_random/msm_rng.o
  CC [M]  fs/cifs/connect.o
  CC      sound/soc/soc-jack.o
  CC      arch/arm/mach-msm/qdsp6v2/ultrasound/q6usm.o
  LD      drivers/char/hw_random/rng-core.o
  LD      drivers/char/hw_random/built-in.o
  CC      arch/arm/mach-msm/qdsp6v2/ultrasound/usf.o
  CC      net/bluetooth/hci_event.o
  CC      arch/arm/mach-msm/qdsp6v2/ultrasound/usfcdev.o
  CC      sound/soc/soc-cache.o
  CC      sound/soc/soc-utils.o
  CC      drivers/char/diag/diagchar_hdlc.o
  CC      net/bluetooth/mgmt.o
  CC      net/bluetooth/hci_sock.o
  LD      arch/arm/mach-msm/qdsp6v2/ultrasound/built-in.o
  LD      arch/arm/mach-msm/qdsp6v2/built-in.o
  CC      arch/arm/mach-msm/pm-stats.o
  CC      sound/soc/soc-pcm.o
  CC      drivers/char/diag/diagfwd.o
  CC      arch/arm/mach-msm/spm-v2.o
  CC      arch/arm/mach-msm/spm_devices.o
  CC      kernel/time/timekeeping.o
  CC      arch/arm/mach-msm/htc_acoustic_8960.o
  CC [M]  fs/cifs/dir.o
  CC      arch/arm/mach-msm/rpm-regulator.o
  CC      kernel/sched/idle_task.o
  CC      kernel/time/ntp.o
  CC      drivers/char/diag/diagmem.o
  CC      sound/soc/soc-io.o
  CC      kernel/sched/fair.o
  CC      drivers/char/diag/diagfwd_cntl.o
  CC      kernel/time/clocksource.o
  CC      arch/arm/mach-msm/rpm-regulator-8960.o
  LD      sound/soc/atmel/built-in.o
  LD      sound/soc/au1x/built-in.o
  LD      sound/soc/blackfin/built-in.o
  CC      sound/soc/codecs/cs8427.o
  CC [M]  fs/cifs/file.o
  CC      sound/soc/codecs/msm_stub.o
  CC      net/bluetooth/hci_sysfs.o
  CC      drivers/char/diag/diag_dci.o
  CC      kernel/time/jiffies.o
  CC      kernel/time/timer_list.o
  LD      sound/soc/davinci/built-in.o
  CC      sound/soc/codecs/wcd9304.o
  CC      kernel/sched/rt.o
  CC      arch/arm/mach-msm/subsystem_notif.o
  CC      net/bluetooth/l2cap_core.o
  CC      kernel/time/timecompare.o
  CC      arch/arm/mach-msm/subsystem_restart.o
  CC      drivers/char/diag/diag_masks.o
  CC      kernel/time/timeconv.o
  CC      kernel/time/posix-clock.o
  CC      arch/arm/mach-msm/ramdump.o
  CC      arch/arm/mach-msm/sysmon.o
  CC      kernel/time/clockevents.o
  CC      drivers/char/diag/diag_debugfs.o
  CC      kernel/sched/stop_task.o
  CC      kernel/sched/sched_avg.o
  CC      arch/arm/mach-msm/modem-8960.o
  CC      arch/arm/mach-msm/lpass-8960.o
  CC      kernel/time/tick-common.o
  CC      drivers/char/diag/diagfwd_bridge.o
  CC      kernel/sched/cpupri.o
  CC [M]  fs/cifs/inode.o
  CC      drivers/char/msm_rotator.o
  CC      arch/arm/mach-msm/cpuidle.o
  LD      kernel/sched/built-in.o
  CC      kernel/time/tick-broadcast.o
  CC      kernel/time/tick-oneshot.o
  CC      arch/arm/mach-msm/board-m7-rfkill.o
  CC      drivers/char/diag/diagfwd_hsic.o
  CC      sound/soc/codecs/wcd9304-tables.o
  CC      drivers/char/diag/diagfwd_smux.o
  CC      kernel/time/tick-sched.o
  CC      sound/soc/codecs/wcd9310.o
  CC      arch/arm/mach-msm/htc_bdaddress.o
  CC      kernel/time/timer_stats.o
  LD      drivers/char/diag/diagchar.o
  LD      drivers/char/diag/built-in.o
  CC      drivers/clk/clkdev.o
  CC      arch/arm/mach-msm/htc_4335_wl_reg.o
  CC      arch/arm/mach-msm/msm_watchdog.o
  LD      drivers/clk/built-in.o
  LD      arch/arm/lib/built-in.o
  AS      arch/arm/lib/ashldi3.o
  AS      arch/arm/lib/ashrdi3.o
  AS      arch/arm/lib/backtrace.o
  LD      kernel/time/built-in.o
  CC [M]  fs/cifs/link.o
  CC      kernel/trace/trace_selftest_dynamic.o
  AS      arch/arm/lib/call_with_stack.o
  AS      arch/arm/lib/changebit.o
  AS      arch/arm/lib/clear_user.o
  AS      arch/arm/lib/clearbit.o
  AS      arch/arm/lib/copy_from_user.o
  AS      arch/arm/lib/copy_page.o
  AS      arch/arm/lib/copy_to_user.o
  AS      arch/arm/lib/csumipv6.o
  CC      kernel/trace/trace_clock.o
  AS      arch/arm/lib/csumpartial.o
  AS      arch/arm/lib/csumpartialcopy.o
  AS      arch/arm/lib/csumpartialcopyuser.o
  CC      arch/arm/lib/delay.o
  CC      kernel/trace/ftrace.o
  CC      arch/arm/mach-msm/htc_watchdog_monitor.o
  AS      arch/arm/lib/div64.o
  AS      arch/arm/lib/findbit.o
  AS      arch/arm/mach-msm/msm_watchdog_asm.o
  AS      arch/arm/lib/getuser.o
  CC      kernel/freezer.o
  AS      arch/arm/lib/io-readsb.o
  AS      arch/arm/lib/io-readsl.o
  CC [M]  fs/cifs/misc.o
  AS      arch/arm/lib/io-readsw-armv4.o
  AS      arch/arm/lib/io-writesb.o
  CC      arch/arm/mach-msm/clock-local.o
  AS      arch/arm/lib/io-writesl.o
  AS      arch/arm/lib/io-writesw-armv4.o
  AS      arch/arm/lib/lib1funcs.o
  AS      arch/arm/lib/lshrdi3.o
  AS      arch/arm/lib/memchr.o
  CC [M]  fs/cifs/netmisc.o
  AS      arch/arm/lib/memcpy.o
  AS      arch/arm/lib/memmove.o
  AS      arch/arm/lib/memset.o
  AS      arch/arm/lib/memzero.o
  AS      arch/arm/lib/muldi3.o
  AS      arch/arm/lib/putuser.o
  AS      arch/arm/lib/setbit.o
  LD      drivers/char/built-in.o
  LD      drivers/clocksource/built-in.o
  AS      arch/arm/lib/strchr.o
  CC      drivers/cpufreq/cpufreq.o
  AS      arch/arm/lib/strrchr.o
  AS      arch/arm/lib/testchangebit.o
  AS      arch/arm/lib/testclearbit.o
  AS      arch/arm/lib/testsetbit.o
  CC      arch/arm/mach-msm/clock-dss-8960.o
  CC      arch/arm/mach-msm/clock-8960.o
  AS      arch/arm/lib/ucmpdi2.o
  AR      arch/arm/lib/lib.a
  CC [M]  fs/cifs/smbencrypt.o
  LD      sound/synth/built-in.o
  CC      drivers/cpufreq/cpufreq_stats.o
  CC      net/bluetooth/l2cap_sock.o
  CC      net/bluetooth/smp.o
  CC [M]  fs/cifs/transport.o
  CC [M]  fs/cifs/asn1.o
  CC      drivers/cpufreq/cpufreq_performance.o
  CC      sound/soc/codecs/wcd9310-tables.o
  CC      drivers/cpufreq/cpufreq_powersave.o
  CC      kernel/trace/ring_buffer.o
  CC      drivers/cpufreq/cpufreq_userspace.o
  LD      sound/soc/codecs/snd-soc-wcd9304.o
  LD      sound/soc/codecs/snd-soc-wcd9310.o
  LD      sound/soc/codecs/snd-soc-cs8427.o
  LD      sound/soc/codecs/snd-soc-msm-stub.o
  CC      arch/arm/mach-msm/clock-rpm.o
  LD      sound/soc/codecs/built-in.o
  LD      sound/soc/ep93xx/built-in.o
  LD      sound/soc/fsl/built-in.o
  CC      arch/arm/mach-msm/clock-pll.o
  LD      sound/soc/imx/built-in.o
  LD      sound/soc/jz4740/built-in.o
  LD      sound/soc/kirkwood/built-in.o
  LD      sound/soc/mid-x86/built-in.o
  CC      drivers/cpufreq/cpufreq_ondemand.o
  CC      sound/soc/msm/qdsp6/q6asm.o
  CC      sound/soc/msm/msm-dai-q6-hdmi.o
  CC      net/bluetooth/sco.o
  CC [M]  fs/cifs/cifs_unicode.o
  CC [M]  fs/cifs/nterr.o
  CC      net/core/sock.o
  CC      arch/arm/mach-msm/footswitch-8x60.o
  CC      arch/arm/mach-msm/acpuclock-8064.o
  CC [M]  fs/cifs/xattr.o
  LD      sound/soc/mxs/built-in.o
  CC      drivers/cpufreq/cpufreq_conservative.o
  CC      arch/arm/mach-msm/acpuclock-krait.o
  LD      sound/soc/nuc900/built-in.o
  CC      kernel/trace/trace.o
  CC      net/bluetooth/lib.o
  CC      drivers/cpufreq/cpufreq_interactive.o
  CC [M]  fs/cifs/cifsencrypt.o
  CC      drivers/cpufreq/cpufreq_smartmax.o
  CC      net/bluetooth/amp.o
  CC      arch/arm/mach-msm/acpuclock-krait-debug.o
  CC      net/core/request_sock.o
  CC      arch/arm/mach-msm/msm_cpu_pwrctl.o
  CC      arch/arm/mach-msm/memory_topology.o
  CC      net/core/skbuff.o
  CC [M]  fs/cifs/readdir.o
  CC      sound/soc/msm/qdsp6/q6adm.o
  CC      drivers/cpufreq/freq_table.o
  CC      arch/arm/mach-msm/saw-regulator.o
  CC      sound/soc/msm/qdsp6/q6afe.o
  CC      drivers/cpufreq/cpufreq_gov_msm.o
  CC      arch/arm/mach-msm/devices-8960.o
  LD      drivers/cpufreq/built-in.o
  CC      drivers/cpuidle/cpuidle.o
  CC [M]  fs/cifs/ioctl.o
  CC      net/bluetooth/hidp/core.o
  CC      net/bluetooth/hidp/sock.o
  CC      arch/arm/mach-msm/htc_wifi_nvs.o
  CC      drivers/cpuidle/driver.o
  CC      kernel/trace/trace_output.o
  CC      sound/soc/msm/qdsp6/q6voice.o
  CC      arch/arm/mach-msm/devices_htc.o
  CC      drivers/cpuidle/governor.o
  CC [M]  fs/cifs/sess.o
  CC [M]  fs/cifs/export.o
  CC      drivers/cpuidle/sysfs.o
  CC      arch/arm/mach-msm/htc_awb_cal.o
  CC      drivers/cpuidle/governors/ladder.o
  CC      arch/arm/mach-msm/devices-8064.o
  LD      net/bluetooth/hidp/hidp.o
  LD      net/bluetooth/hidp/built-in.o
  LD      net/bluetooth/bluetooth.o
  LD      net/bluetooth/built-in.o
  CC      arch/arm/mach-msm/bms-batterydata.o
  CC      kernel/trace/trace_stat.o
  CC      drivers/cpuidle/governors/menu.o
  CC      kernel/stacktrace.o
  CC      sound/soc/msm/msm-pcm-voice.o
  CC      net/core/iovec.o
  CC      net/core/datagram.o
  CC      arch/arm/mach-msm/bms-batterydata-desay.o
  CC [M]  fs/cifs/cifsacl.o
  LD      drivers/cpuidle/governors/built-in.o
  LD      drivers/cpuidle/built-in.o
  LD      drivers/crypto/built-in.o
  LD      drivers/crypto/msm/built-in.o
  CC [M]  drivers/crypto/msm/qcedev.o
  CC      arch/arm/mach-msm/board-m7.o
  CC      kernel/trace/trace_printk.o
  CC [M]  drivers/crypto/msm/qce40.o
  CC      lib/bcd.o
  CC      lib/div64.o
  CC      lib/sort.o
  CC      kernel/trace/trace_sched_switch.o
  CC      lib/parser.o
  CC      net/core/stream.o
  LD      sound/soc/msm/qdsp6/built-in.o
  CC      sound/soc/msm/msm-pcm-voip.o
  CC      kernel/trace/trace_functions.o
  CC      lib/halfmd4.o
  CC      lib/debug_locks.o
  CC      lib/random32.o
  CC      arch/arm/mach-msm/board-m7-pmic.o
  CC [M]  fs/cifs/cifs_spnego.o
  CC      net/core/scm.o
  CC      kernel/trace/trace_sched_wakeup.o
  CC      lib/bust_spinlocks.o
  LD      drivers/felica/built-in.o
  CC      net/core/gen_stats.o
  CC      lib/hexdump.o
  CC      arch/arm/mach-msm/board-m7-storage.o
  CC      sound/soc/msm/msm-pcm-hostless.o
  CC [M]  fs/cifs/dns_resolve.o
  CC      lib/kasprintf.o
  CC      kernel/trace/trace_nop.o
  CC [M]  fs/cifs/cifs_dfs_ref.o
  CC      lib/bitmap.o
  CC      net/core/gen_estimator.o
  CC      sound/soc/msm/apq8064.o
  CC      arch/arm/mach-msm/board-m7-gpiomux.o
  CC [M]  drivers/crypto/msm/qcrypto.o
  CC      kernel/trace/trace_functions_graph.o
  LD      sound/soc/omap/built-in.o
  CC      kernel/trace/blktrace.o
  CC      arch/arm/mach-msm/board-m7-keypad.o
  CC      net/core/net_namespace.o
  CC      lib/scatterlist.o
  LD [M]  fs/cifs/cifs.o
  LD      fs/exofs/built-in.o
  CC      fs/ext4/balloc.o
  CC      arch/arm/mach-msm/board-m7-wifi.o
  CC      lib/string_helpers.o
  CC      arch/arm/mach-msm/board-m7-audio.o
  CC      sound/soc/msm/mpq8064.o
  CC      net/core/secure_seq.o
  CC      lib/gcd.o
  CC      lib/lcm.o
  CC      lib/list_sort.o
  CC      kernel/futex.o
  CC      net/core/flow_dissector.o
  CC      arch/arm/mach-msm/board-m7-display.o
  CC      kernel/trace/trace_events.o
  CC      fs/ext4/bitmap.o
  CC      lib/uuid.o
  CC      lib/flex_array.o
  CC      fs/ext4/dir.o
  CC      net/core/sysctl_net_core.o
  CC      sound/soc/msm/msm-dai-q6.o
  CC      lib/bsearch.o
  LD      drivers/firewire/built-in.o
  CC      lib/find_last_bit.o
  LD      drivers/firmware/built-in.o
  CC      drivers/gpio/gpiolib.o
  CC      lib/find_next_bit.o
  CC      lib/llist.o
  CC      lib/kstrtox.o
  CC      net/core/dev.o
  CC      fs/ext4/file.o
  CC      arch/arm/mach-msm/board-m7-gpu.o
  CC      kernel/trace/trace_export.o
  CC      lib/pci_iomap.o
  CC      kernel/trace/trace_event_perf.o
  CC      lib/iomap_copy.o
  CC      sound/soc/msm/msm-pcm-q6.o
  CC      arch/arm/mach-msm/board-m7-camera.o
  CC      lib/devres.o
  CC      fs/ext4/fsync.o
  CC      fs/ext4/ialloc.o
  CC      lib/hweight.o
  CC      kernel/trace/trace_events_filter.o
  CC      drivers/gpio/devres.o
  CC      lib/bitrev.o
  CC      lib/crc-ccitt.o
  CC      drivers/gpio/gpio-msm-common.o
  CC      fs/ext4/inode.o
  CC      lib/crc16.o
  CC      sound/soc/msm/msm-multi-ch-pcm-q6.o
  HOSTCC  lib/gen_crc32table
  CC      lib/libcrc32c.o
  CC      lib/genalloc.o
  CC      arch/arm/mach-msm/board-m7-regulator.o
  CC      sound/soc/msm/msm-lowlatency-pcm-q6.o
  CC      drivers/gpio/gpio-msm-v2.o
  CC      lib/lzo/lzo1x_compress.o
  CC      lib/lzo/lzo1x_decompress_safe.o
  CC      arch/arm/mach-msm/htc_util.o
  CC      kernel/trace/power-traces.o
  CC      kernel/trace/rpm-traces.o
  LD      lib/lzo/lzo_compress.o
  LD      lib/lzo/lzo_decompress.o
  LD      lib/lzo/built-in.o
  CC      lib/reed_solomon/reed_solomon.o
  CC      drivers/gpio/pm8xxx-gpio.o
  CC      sound/soc/msm/msm-pcm-routing.o
  CC      sound/soc/msm/msm-dai-fe.o
  LD      kernel/trace/libftrace.o
  LD      kernel/trace/built-in.o
  CC      kernel/rtmutex.o
  CC      arch/arm/mach-msm/htc_battery_core.o
  LD      lib/reed_solomon/built-in.o
  CC      lib/zlib_deflate/deflate.o
  CC      drivers/gpio/pm8xxx-mpp.o
  CC      lib/zlib_deflate/deftree.o
  CC      kernel/smp.o
  CC      drivers/gpio/gpio-sx150x.o
  CC      sound/soc/msm/msm-compr-q6.o
  CC      sound/soc/msm/msm-dai-stub.o
  CC      arch/arm/mach-msm/htc_battery_8960.o
  CC      net/core/ethtool.o
  CC      kernel/spinlock.o
  CC      lib/zlib_deflate/deflate_syms.o
  CC      sound/usb/card.o
  LD      lib/zlib_deflate/zlib_deflate.o
  LD      lib/zlib_deflate/built-in.o
  CC      lib/zlib_inflate/inffast.o
  LD      drivers/gpio/built-in.o
  LD      drivers/gpu/drm/i2c/built-in.o
  LD      drivers/gpu/drm/built-in.o
  CC      drivers/gpu/ion/ion.o
  CC      kernel/uid16.o
  CC      lib/zlib_inflate/inflate.o
  CC      fs/ext4/page-io.o
  CC      kernel/module.o
  CC      sound/soc/msm/msm-pcm-lpa.o
  CC      sound/usb/clock.o
  CC      fs/ext4/ioctl.o
  CC      lib/zlib_inflate/infutil.o
  CC      arch/arm/mach-msm/htc_battery_cell.o
  CC      lib/zlib_inflate/inftrees.o
  CC      sound/usb/endpoint.o
  CC      net/core/dev_addr_lists.o
  CC      drivers/gpu/ion/ion_heap.o
  CC      fs/ext4/namei.o
  CC      arch/arm/mach-msm/htc_headset_mgr.o
  CC      sound/soc/msm/msm-pcm-afe.o
  CC      lib/zlib_inflate/inflate_syms.o
  CC      drivers/gpu/ion/ion_system_heap.o
  LD      lib/zlib_inflate/zlib_inflate.o
  LD      lib/zlib_inflate/built-in.o
  CC      lib/textsearch.o
  CC      lib/ts_kmp.o
  CC      sound/usb/format.o
  CC      net/core/dst.o
  LD      sound/soc/msm/snd-soc-qdsp6.o
  LD      sound/soc/msm/snd-soc-msm8960.o
  LD      sound/soc/msm/snd-soc-hostless-pcm.o
  LD      sound/soc/msm/built-in.o
  LD      sound/soc/pxa/built-in.o
  LD      sound/soc/s6000/built-in.o
  LD      sound/soc/samsung/built-in.o
  LD      sound/soc/sh/built-in.o
  LD      sound/soc/tegra/built-in.o
  LD      sound/soc/txx9/built-in.o
  LD      sound/soc/snd-soc-core.o
  CC      drivers/gpu/ion/ion_carveout_heap.o
  CC      lib/ts_bm.o
  LD      sound/soc/built-in.o
  CC      net/core/netevent.o
  CC      lib/ts_fsm.o
  CC      sound/usb/helper.o
  CC      lib/percpu_counter.o
  CC      drivers/gpu/ion/ion_iommu_heap.o
  CC      net/core/neighbour.o
  CC      drivers/gpu/ion/ion_cp_heap.o
  CC      sound/usb/mixer.o
  CC      lib/audit.o
  CC      arch/arm/mach-msm/htc_headset_pmic.o
  CC      kernel/kallsyms.o
  CC      fs/ext4/super.o
  CC      lib/nlattr.o
  CC      fs/ext4/symlink.o
  CC      arch/arm/mach-msm/htc_headset_one_wire.o
  CC      kernel/cgroup.o
  CC      arch/arm/mach-msm/rpm.o
  CC      drivers/gpu/ion/msm/msm_ion.o
  CC      lib/cpu_rmap.o
  CC      lib/dynamic_queue_limits.o
  CC      drivers/gpu/ion/msm/ion_cp_common.o
  CC      drivers/hid/hid-debug.o
  LD      drivers/gpu/ion/msm/built-in.o
  LD      drivers/gpu/ion/built-in.o
  CC      lib/strncpy_from_user.o
  CC      drivers/gpu/msm/adreno_ringbuffer.o
  CC      sound/usb/mixer_quirks.o
  CC      lib/strnlen_user.o
  CC      arch/arm/mach-msm/rpm_resources.o
  CC      lib/argv_split.o
  CC      drivers/hid/hid-core.o
  CC      lib/bug.o
  CC      net/core/rtnetlink.o
  CC      sound/usb/pcm.o
  CC      lib/cmdline.o
  CC      lib/cpumask.o
  CC      drivers/gpu/msm/adreno_drawctxt.o
  CC      lib/ctype.o
  CC      lib/dec_and_lock.o
  CC      arch/arm/mach-msm/mpm.o
  CC      lib/decompress.o
  CC      lib/decompress_inflate.o
  CC      drivers/gpu/msm/adreno_postmortem.o
  CC      sound/usb/proc.o
  CC      lib/dump_stack.o
  CC      arch/arm/mach-msm/rpm_stats.o
  CC      lib/extable.o
  CC      drivers/hid/hid-input.o
  CC      kernel/cgroup_freezer.o
  CC      lib/idr.o
  CC      sound/usb/quirks.o
  CC      arch/arm/mach-msm/rpm_log.o
  CC      net/core/utils.o
  CC      kernel/cgroup_timer_slack.o
  CC      drivers/gpu/msm/adreno_snapshot.o
  CC      lib/int_sqrt.o
  CC      arch/arm/mach-msm/tz_log.o
  CC      sound/usb/stream.o
  CC      lib/ioremap.o
  GZIP    kernel/config_data.gz
  CC      kernel/res_counter.o
  CC      lib/irq_regs.o
  CC      lib/is_single_threaded.o
  CC      net/core/link_watch.o
  CC      arch/arm/mach-msm/msm_xo.o
  CC      kernel/stop_machine.o
  CC      sound/usb/midi.o
  CC      lib/klist.o
  CC      drivers/gpu/msm/adreno_a2xx.o
  CC      lib/kobject.o
  CC      arch/arm/mach-msm/msm-buspm-dev.o
  CC      net/core/filter.o
  CC      kernel/audit.o
  CC      drivers/hid/hidraw.o
  CC      arch/arm/mach-msm/devices-iommu.o
  CC      lib/kobject_uevent.o
  CC      arch/arm/mach-msm/iommu_domains.o
  CC      drivers/gpu/msm/adreno_a2xx_trace.o
  CC      net/core/sock_diag.o
  CC      drivers/hid/uhid.o
  LD      sound/usb/6fire/built-in.o
  LD      sound/usb/caiaq/built-in.o
  LD      sound/usb/misc/built-in.o
  LD      sound/usb/usx2y/built-in.o
  LD      sound/usb/snd-usb-audio.o
  LD      sound/usb/snd-usbmidi-lib.o
  LD      sound/usb/built-in.o
  CC      sound/last.o
  CC      lib/md5.o
  CC      arch/arm/mach-msm/event_timer.o
  CC      drivers/gpu/msm/adreno_a2xx_snapshot.o
  CC      kernel/auditfilter.o
  LD      sound/soundcore.o
  LD      sound/built-in.o
  CC      net/core/flow.o
  CC      lib/memory_alloc.o
  CC      kernel/auditsc.o
  CC      arch/arm/mach-msm/gpiomux-v2.o
  CC      drivers/hid/hid-apple.o
  CC      arch/arm/mach-msm/gpiomux.o
  CC      drivers/gpu/msm/adreno_a3xx.o
  CC      lib/plist.o
  CC      net/core/net-sysfs.o
  CC      arch/arm/mach-msm/msm_dcvs_scm.o
  CC      lib/prio_heap.o
  CC      drivers/hid/hid-magicmouse.o
  CC      lib/prio_tree.o
  CC      arch/arm/mach-msm/msm_dcvs.o
  CC      arch/arm/mach-msm/msm_mpdecision.o
  CC      lib/proportions.o
  CC      drivers/hid/hid-microsoft.o
  CC      fs/ext4/hash.o
  CC      lib/radix-tree.o
  CC      drivers/hid/usbhid/hid-core.o
  CC      kernel/audit_watch.o
  CC      fs/ext4/resize.o
  CC      net/core/fib_rules.o
  CC      fs/ext4/extents.o
  CC      lib/ratelimit.o
  CC      lib/rbtree.o
  CC      kernel/audit_tree.o
  CC      drivers/gpu/msm/adreno_a3xx_trace.o
  CC      arch/arm/mach-msm/msm_rq_stats.o
  CC      lib/reciprocal_div.o
  CC      lib/rwsem-spinlock.o
  CC      drivers/gpu/msm/adreno_a3xx_snapshot.o
  CC      drivers/hid/usbhid/hid-quirks.o
  CC      net/core/net-traces.o
  CC      arch/arm/mach-msm/msm_show_resume_irq.o
  CC      lib/sha1.o
  CC      arch/arm/mach-msm/restart-apq8064.o
  LD      drivers/hid/usbhid/usbhid.o
  LD      drivers/hid/usbhid/built-in.o
  LD      drivers/hid/hid.o
  LD      drivers/hid/built-in.o
  CC      arch/arm/mach-msm/htc_restart_handler.o
  CC      kernel/rcutree.o
  CC      drivers/gpu/msm/adreno.o
  CC      drivers/gpu/msm/adreno_debugfs.o
  CC      kernel/relay.o
  CC      lib/show_mem.o
  CC      arch/arm/mach-msm/mdm2.o
  CC      lib/string.o
  CC      fs/fat/cache.o
  LD      net/core/built-in.o
  CC      net/dns_resolver/dns_key.o
  CC      lib/timerqueue.o
  CC      arch/arm/mach-msm/mdm_common.o
  CC      fs/fat/dir.o
  CC      lib/vsprintf.o
  LD      drivers/gpu/stub/built-in.o
  CC      net/dns_resolver/dns_query.o
  CC      fs/ext4/ext4_jbd2.o
  LD      net/dns_resolver/dns_resolver.o
  LD      net/dns_resolver/built-in.o
  CC      net/ethernet/eth.o
  CC      kernel/utsname_sysctl.o
  GEN     lib/crc32table.h
  CC      fs/fuse/dev.o
  CC      arch/arm/mach-msm/msm_rtb.o
  CC      kernel/tracepoint.o
  CC      fs/ext4/migrate.o
  CC      arch/arm/mach-msm/cache_erp.o
  CC      drivers/gpu/msm/kgsl.o
  LD      net/ethernet/built-in.o
  CC      net/ipv4/route.o
  CC      fs/fat/fatent.o
  CC      arch/arm/mach-msm/hsic_sysmon.o
  CC      lib/crc32.o
  CC      kernel/elfcore.o
  CC      fs/ext4/mballoc.o
  CC      kernel/irq_work.o
  CC      arch/arm/mach-msm/htc_ramdump.o
  CC      kernel/cpu_pm.o
  AR      lib/lib.a
  LD      lib/built-in.o
  CC      fs/ext4/block_validity.o
  CC      fs/fat/file.o
  CC      kernel/time.o
  CC      arch/arm/mach-msm/htc_monitor.o
  CC      fs/fuse/dir.o
  CC      arch/arm/mach-msm/htc_cpu_usage_stats.o
  CHK     kernel/config_data.h
  UPD     kernel/config_data.h
  CC      drivers/gpu/msm/kgsl_trace.o
  CC      kernel/configs.o
  CC      fs/fat/inode.o
  CC      arch/arm/mach-msm/htc_lpm.o
  LD      kernel/built-in.o
  CC      arch/arm/mach-msm/cpufreq.o
  CC      fs/fat/misc.o
  CC      fs/fuse/file.o
  CC      fs/fuse/inode.o
  CC      fs/fuse/control.o
  CC      net/ipv4/inetpeer.o
  LD      arch/arm/mach-msm/board-m7-all.o
  LD      arch/arm/mach-msm/built-in.o
  CC      net/ipv4/protocol.o
  CC      fs/fat/namei_vfat.o
  CC      drivers/gpu/msm/kgsl_sharedmem.o
  CC      net/ipv6/af_inet6.o
  CC      net/key/af_key.o
  CC      net/ipv4/ip_input.o
  CC      net/ipv6/anycast.o
  LD      fs/fat/fat.o
  LD      fs/fat/vfat.o
  LD      fs/fat/built-in.o
  CC      drivers/gpu/msm/kgsl_pwrctrl.o
  CC      drivers/gpu/msm/kgsl_pwrscale.o
  LD      fs/fuse/fuse.o
  LD      fs/fuse/built-in.o
  CC      net/netfilter/core.o
  CC      net/netlink/af_netlink.o
  CC      net/ipv4/ip_fragment.o
  CC      net/ipv4/ip_forward.o
  CC      net/ipv6/ip6_output.o
  CC      fs/ext4/move_extent.o
  CC      net/netfilter/nf_log.o
  CC      net/netfilter/nf_queue.o
  CC      net/ipv4/ip_options.o
  CC      drivers/gpu/msm/kgsl_mmu.o
  CC      drivers/gpu/msm/kgsl_gpummu.o
  CC      fs/ext4/mmp.o
  CC      net/netfilter/nf_sockopt.o
  LD      net/key/built-in.o
  CC      drivers/gpu/msm/kgsl_iommu.o
  CC      net/netlink/genetlink.o
  CC      net/netfilter/nf_conntrack_core.o
  CC      fs/ext4/indirect.o
  CC      fs/ext4/xattr.o
  CC      net/ipv4/ip_output.o
  CC      net/ipv4/ip_sockglue.o
  CC      net/ipv6/ip6_input.o
  LD      net/netlink/built-in.o
  CC      net/ipv4/inet_hashtables.o
  CC      fs/jbd2/transaction.o
  CC      fs/ext4/xattr_user.o
  CC      drivers/gpu/msm/kgsl_snapshot.o
  CC      net/ipv6/addrconf.o
  CC      drivers/gpu/msm/kgsl_events.o
  CC      net/netfilter/nf_conntrack_standalone.o
  CC      fs/ext4/xattr_trusted.o
  CC      fs/ext4/xattr_security.o
  CC      net/ipv4/inet_timewait_sock.o
  LD      drivers/hsi/clients/built-in.o
  LD      drivers/hsi/built-in.o
  CC      net/ipv4/inet_connection_sock.o
  CC      fs/nls/nls_base.o
  CC      net/netfilter/nf_conntrack_expect.o
  CC      drivers/gpu/msm/kgsl_debugfs.o
  LD      fs/ext4/ext4.o
  LD      fs/ext4/built-in.o
  CC      drivers/gpu/msm/kgsl_pwrscale_trustzone.o
  CC      fs/nls/nls_cp437.o
  CC      fs/jbd2/commit.o
  CC      fs/nls/nls_ascii.o
  CC      fs/nls/nls_iso8859-1.o
  CC      fs/jbd2/recovery.o
  CC      drivers/gpu/msm/kgsl_pwrscale_msm.o
  CC      drivers/gpu/msm/kgsl_sync.o
  CC      fs/nls/nls_utf8.o
  CC      net/netfilter/nf_conntrack_helper.o
  LD      fs/nls/built-in.o
  CC      drivers/gpu/msm/z180.o
  CC      net/ipv4/tcp.o
  CC      net/ipv4/tcp_input.o
  CC      net/ipv4/tcp_output.o
  LD      drivers/gpu/vga/built-in.o
  CC      drivers/gpu/msm/z180_postmortem.o
  CC      fs/jbd2/checkpoint.o
  CC      fs/notify/fsnotify.o
  CC      net/netfilter/nf_conntrack_proto.o
  CC      drivers/gpu/msm/z180_trace.o
  CC      fs/notify/notification.o
  LD      drivers/gpu/msm/msm_kgsl_core.o
  LD      drivers/gpu/msm/msm_adreno.o
  LD      drivers/gpu/msm/msm_z180.o
  LD      drivers/gpu/msm/built-in.o
  LD      drivers/gpu/built-in.o
  CC      drivers/hwmon/hwmon.o
  CC      net/netfilter/nf_conntrack_l3proto_generic.o
  CC      fs/jbd2/revoke.o
  CC      drivers/hwmon/pm8xxx-adc.o
  CC      fs/notify/group.o
  CC      net/ipv6/addrlabel.o
  CC      net/netfilter/nf_conntrack_proto_generic.o
  CC      fs/notify/inode_mark.o
  CC      fs/jbd2/journal.o
  CC      net/netfilter/nf_conntrack_proto_tcp.o
  CC      fs/notify/mark.o
  CC      fs/notify/vfsmount_mark.o
  CC      drivers/hwmon/pm8xxx-adc-scale.o
  CC      net/ipv6/route.o
  CC      net/ipv4/tcp_timer.o
  LD      fs/notify/dnotify/built-in.o
  LD      fs/notify/fanotify/built-in.o
  CC      fs/notify/inotify/inotify_fsnotify.o
  LD      drivers/hwmon/built-in.o
  CC      drivers/i2c/i2c-boardinfo.o
  CC      drivers/i2c/i2c-core.o
  CC      fs/notify/inotify/inotify_user.o
  CC      net/netfilter/nf_conntrack_proto_udp.o
  CC      net/ipv6/ip6_fib.o
  CC      net/ipv6/ipv6_sockglue.o
  LD      fs/notify/inotify/built-in.o
  LD      fs/notify/built-in.o
  CC      net/netfilter/nf_conntrack_extend.o
  CC      net/netfilter/nf_conntrack_acct.o
  CC      drivers/i2c/i2c-dev.o
  LD      drivers/i2c/algos/built-in.o
  LD      drivers/idle/built-in.o
  CC      net/netfilter/nf_conntrack_ecache.o
  CC      drivers/i2c/busses/i2c-qup.o
  CC      net/ipv4/tcp_ipv4.o
  LD      fs/jbd2/jbd2.o
  LD      fs/jbd2/built-in.o
  CC      fs/ntfs/aops.o
  CC      net/ipv4/tcp_minisocks.o
  CC      net/netfilter/nf_conntrack_h323_main.o
  CC      net/ipv4/tcp_cong.o
  CC      net/ipv4/datagram.o
  CC      net/ipv6/ndisc.o
  CC      fs/ntfs/attrib.o
  CC      net/ipv6/udp.o
  CC      net/ipv6/udplite.o
  CC      net/ipv6/raw.o
  LD      drivers/i2c/busses/built-in.o
  CC      drivers/i2c/chips/pn544.o
  CC      fs/ntfs/collate.o
  CC      net/netfilter/nf_conntrack_h323_asn1.o
  CC      drivers/i2c/chips/tfa9887.o
  CC      fs/ntfs/compress.o
  CC      drivers/i2c/chips/rt5501.o
  LD      drivers/ieee802154/built-in.o
  LD      drivers/i2c/muxes/built-in.o
  CC      drivers/input/input.o
  CC      net/netfilter/nfnetlink.o
  CC      net/ipv4/raw.o
  CC      net/ipv4/udp.o
  CC      net/ipv4/udplite.o
  CC      net/netfilter/nfnetlink_queue.o
  CC      net/ipv6/protocol.o
  CC      net/ipv6/icmp.o
  CC      fs/ntfs/debug.o
  CC      drivers/i2c/chips/tfa9887l.o
  CC      fs/ntfs/dir.o
  CC      fs/ntfs/file.o
  CC      fs/ntfs/index.o
  CC      drivers/input/input-compat.o
  CC      drivers/i2c/chips/tpa6185.o
  CC      net/netfilter/nfnetlink_log.o
  CC      drivers/i2c/chips/cm3629.o
  CC      drivers/input/input-mt.o
  CC      drivers/i2c/chips/akm8963.o
  CC      net/ipv6/mcast.o
  CC      drivers/input/ff-core.o
  CC      fs/ntfs/inode.o
  CC      fs/ntfs/mft.o
  CC      net/ipv4/arp.o
  CC      drivers/input/input-polldev.o
  LD      net/netfilter/nf_conntrack.o
  CC      net/netfilter/nf_conntrack_proto_dccp.o
  CC      drivers/input/mousedev.o
  CC      drivers/input/serio/serio.o
  CC      drivers/iommu/iommu.o
  CC      drivers/i2c/chips/r3gd20.o
  CC      drivers/iommu/msm_iommu.o
  CC      net/netfilter/nf_conntrack_proto_gre.o
  CC      drivers/input/serio/serport.o
  CC      drivers/input/evdev.o
  CC      net/ipv4/icmp.o
  CC      fs/ntfs/mst.o
  CC      drivers/input/serio/libps2.o
  CC      net/netfilter/nf_conntrack_proto_sctp.o
  CC      fs/ntfs/namei.o
  CC      net/ipv6/reassembly.o
  CC      drivers/i2c/chips/bma250_bosch.o
  LD      drivers/input/serio/built-in.o
  CC      net/ipv6/tcp_ipv6.o
  CC      drivers/input/joystick/xpad.o
  CC      fs/ntfs/runlist.o
  CC      net/ipv4/devinet.o
  CC      net/netfilter/nf_conntrack_proto_udplite.o
  LD      drivers/input/joystick/built-in.o
  CC      drivers/input/keyboard/atkbd.o
  CC      drivers/iommu/msm_iommu_dev.o
  CC      drivers/leds/led-core.o
  CC      drivers/leds/led-class.o
  CC      net/netfilter/nf_conntrack_netlink.o
  CC      fs/ntfs/super.o
  CC      drivers/leds/led-triggers.o
  LD      drivers/i2c/chips/built-in.o
  LD      drivers/i2c/built-in.o
  CC      drivers/leds/leds-pm8921.o
  CC      drivers/input/keyboard/pmic8xxx-keypad.o
  LD      drivers/lguest/built-in.o
  CC      net/ipv4/af_inet.o
  LD      drivers/iommu/built-in.o
  CC      net/ipv4/igmp.o
  CC      drivers/leds/ledtrig-heartbeat.o
  CC      net/ipv6/exthdrs.o
  CC      net/ipv6/datagram.o
  LD      drivers/input/keyboard/built-in.o
  CC      drivers/input/misc/gpio_event.o
  CC      fs/ntfs/sysctl.o
  CC      drivers/leds/tps61310_flashlight.o
  CC      fs/ntfs/unistr.o
  CC      drivers/input/misc/gpio_matrix.o
  CC      net/netfilter/nf_conntrack_amanda.o
  CC      fs/ntfs/upcase.o
  CC      net/netfilter/nf_conntrack_ftp.o
  CC      drivers/input/misc/gpio_input.o
  CC      net/ipv6/ip6_flowlabel.o
  LD      drivers/leds/built-in.o
  CC      net/ipv6/inet6_connection_sock.o
  LD      fs/ntfs/ntfs.o
  CC      net/ipv6/sysctl_net_ipv6.o
  LD      fs/ntfs/built-in.o
  CC      fs/proc/mmu.o
  CC      net/ipv6/xfrm6_policy.o
  CC      fs/proc/task_mmu.o
  CC      net/ipv4/fib_frontend.o
  CC      net/ipv4/fib_semantics.o
  CC      drivers/input/misc/gpio_output.o
  CC      drivers/input/misc/gpio_axis.o
  LD      net/netfilter/nf_conntrack_h323.o
  CC      net/netfilter/nf_conntrack_irc.o
  CC      fs/proc/inode.o
  CC      fs/proc/root.o
  CC      net/ipv6/xfrm6_state.o
  CC      drivers/input/misc/keychord.o
  CC      drivers/input/misc/uinput.o
  CC      fs/proc/base.o
  LD      drivers/macintosh/built-in.o
  CC      net/netfilter/nf_conntrack_broadcast.o
  LD      fs/quota/built-in.o
  CC      net/ipv4/fib_trie.o
  CC      net/ipv6/xfrm6_input.o
  CC      net/ipv6/xfrm6_output.o
  CC      fs/ramfs/inode.o
  CC      net/ipv6/netfilter.o
  LD      drivers/input/misc/built-in.o
  CC      net/netfilter/nf_conntrack_netbios_ns.o
  CC      drivers/input/mouse/psmouse-base.o
  CC      fs/ramfs/file-mmu.o
  CC      fs/proc/generic.o
  CC      net/netfilter/nf_conntrack_pptp.o
  CC      drivers/input/touchscreen/synaptics_3200.o
  LD      fs/ramfs/ramfs.o
  LD      fs/ramfs/built-in.o
  CC      drivers/input/touchscreen/rmi_dev.o
  CC      net/ipv6/fib6_rules.o
  CC      net/ipv6/proc.o
  CC      drivers/md/dm.o
  CC      drivers/input/mouse/synaptics.o
  CC      net/netfilter/nf_conntrack_sane.o
  CC      drivers/media/common/tuners/tuner-xc2028.o
  CC      fs/proc/array.o
  CC      net/ipv4/inet_fragment.o
  CC      net/ipv6/ah6.o
  CC      net/netfilter/nf_conntrack_sip.o
  CC      fs/proc/proc_tty.o
  CC      net/ipv4/ping.o
  CC      drivers/input/mouse/alps.o
  CC      fs/proc/cmdline.o
  CC      net/ipv6/esp6.o
  CC      fs/proc/consoles.o
  CC      drivers/media/common/tuners/tuner-simple.o
  CC      drivers/md/dm-table.o
  CC      fs/proc/cpuinfo.o
  CC      net/ipv4/sysctl_net_ipv4.o
  CC      fs/proc/devices.o
  CC      drivers/input/mouse/logips2pp.o
  CC      net/netfilter/nf_conntrack_tftp.o
  CC      fs/proc/interrupts.o
  CC      drivers/input/mouse/trackpoint.o
  CC      fs/proc/loadavg.o
  CC      net/ipv6/ipcomp6.o
  LD      drivers/input/touchscreen/built-in.o
  CC      net/ipv6/xfrm6_tunnel.o
  CC      drivers/media/common/tuners/tuner-types.o
  CC      net/netfilter/nf_tproxy_core.o
  CC      net/ipv4/sysfs_net_ipv4.o
  CC      fs/proc/meminfo.o
  CC      drivers/media/common/tuners/mt20xx.o
  CC      drivers/md/dm-target.o
  LD      drivers/input/mouse/psmouse.o
  LD      drivers/input/mouse/built-in.o
  CC      drivers/input/keyreset.o
  CC      net/netfilter/x_tables.o
  CC      fs/proc/stat.o
  CC      fs/proc/uptime.o
  CC      net/ipv6/tunnel6.o
  CC      net/ipv4/proc.o
  CC      drivers/md/dm-linear.o
  CC      drivers/md/dm-stripe.o
  LD      drivers/input/input-core.o
  LD      drivers/input/built-in.o
  CC      fs/proc/version.o
  CC      drivers/md/dm-ioctl.o
  CC      drivers/media/common/tuners/tda8290.o
  CC      net/ipv6/xfrm6_mode_transport.o
  CC      fs/proc/softirqs.o
  CC      fs/proc/namespaces.o
  CC      net/ipv4/fib_rules.o
  CC      net/ipv4/ah4.o
  CC      fs/sysfs/inode.o
  CC      fs/proc/proc_sysctl.o
  CC      net/netfilter/xt_tcpudp.o
  CC      net/ipv6/xfrm6_mode_tunnel.o
  CC      fs/sysfs/file.o
  CC      fs/sysfs/dir.o
  CC      drivers/media/common/tuners/tea5767.o
  CC      drivers/md/dm-io.o
  CC      net/netfilter/xt_mark.o
  CC      net/ipv4/esp4.o
  CC      net/ipv6/xfrm6_mode_beet.o
  CC      net/ipv4/tunnel4.o
  CC      drivers/media/common/tuners/tea5761.o
  CC      drivers/md/dm-kcopyd.o
  CC      net/netfilter/xt_connmark.o
  CC      fs/proc/proc_net.o
  CC      fs/sysfs/symlink.o
  CC      net/ipv6/mip6.o
  CC      drivers/media/common/tuners/tda9887.o
  CC      fs/sysfs/mount.o
  CC      net/netfilter/xt_CLASSIFY.o
  CC      fs/proc/kmsg.o
  CC      net/netfilter/xt_CONNSECMARK.o
  CC      drivers/md/dm-sysfs.o
  CC      net/ipv4/xfrm4_mode_transport.o
  CC      fs/proc/page.o
  CC      fs/sysfs/bin.o
  CC      drivers/mfd/mfd-core.o
  CC      drivers/md/dm-crypt.o
  CC      net/netfilter/xt_HL.o
  CC      drivers/media/common/tuners/tda827x.o
  CC      net/ipv6/netfilter/ip6_tables.o
  LD      fs/proc/proc.o
  LD      fs/proc/built-in.o
  CC      net/ipv6/netfilter/ip6table_filter.o
  CC      net/ipv4/xfrm4_mode_tunnel.o
  CC      drivers/mfd/wcd9xxx-core.o
  CC      fs/sysfs/group.o
  CC      net/netfilter/xt_LOG.o
  CC      net/netfilter/xt_NFLOG.o
  LD      fs/sysfs/built-in.o
  CC      fs/eventpoll.o
  CC      drivers/media/common/tuners/tda18271-maps.o
  CC      net/ipv4/ipconfig.o
  CC      net/ipv4/netfilter.o
  CC      drivers/mfd/wcd9xxx-irq.o
  CC      drivers/media/common/tuners/tda18271-common.o
  CC      net/ipv6/netfilter/ip6table_mangle.o
  LD      drivers/md/dm-mod.o
  CC      drivers/mfd/wcd9xxx-slimslave.o
  LD      drivers/md/built-in.o
  CC      drivers/mfd/pm8921-core.o
  CC      net/netfilter/xt_NFQUEUE.o
  CC      fs/anon_inodes.o
  CC      fs/signalfd.o
  CC      drivers/media/common/tuners/tda18271-fe.o
  CC      fs/timerfd.o
  CC      net/ipv6/netfilter/ip6table_raw.o
  CC      net/ipv6/netfilter/nf_conntrack_l3proto_ipv6.o
  CC      net/ipv4/netfilter/nf_nat_rule.o
  CC      net/netfilter/xt_NOTRACK.o
  CC      net/ipv4/netfilter/nf_nat_standalone.o
  CC      drivers/mfd/pm8821-core.o
  CC      drivers/mfd/pm8038-core.o
  CC      fs/eventfd.o
  CC      net/netfilter/xt_SECMARK.o
  CC      net/netfilter/xt_TPROXY.o
  CC      net/ipv6/netfilter/nf_conntrack_proto_icmpv6.o
  CC      net/ipv6/netfilter/nf_defrag_ipv6_hooks.o
  CC      net/ipv4/netfilter/nf_conntrack_l3proto_ipv4.o
  CC      drivers/media/common/tuners/xc5000.o
  CC      net/ipv4/netfilter/nf_conntrack_proto_icmp.o
  CC      fs/aio.o
  CC      drivers/mfd/pm8xxx-irq.o
  CC      drivers/mfd/pm8821-irq.o
  CC      net/ipv6/netfilter/nf_conntrack_reasm.o
  CC      net/netfilter/xt_TCPMSS.o
  CC      net/netfilter/xt_TRACE.o
  CC      net/ipv4/netfilter/nf_nat_core.o
  CC      net/ipv4/netfilter/nf_nat_helper.o
  CC      drivers/mfd/pm8xxx-debug.o
  CC      drivers/media/common/tuners/xc4000.o
  CC      drivers/media/common/tuners/mc44s803.o
  CC      net/ipv6/netfilter/ip6t_ah.o
  CC      net/netfilter/xt_comment.o
  CC      fs/locks.o
  CC      fs/binfmt_script.o
  CC      net/netfilter/xt_connlimit.o
  CC      net/netfilter/xt_conntrack.o
  CC      drivers/mfd/pm8xxx-pwm.o
  CC      net/ipv4/netfilter/nf_nat_proto_unknown.o
  CC      net/netfilter/xt_ecn.o
  CC      net/ipv6/netfilter/ip6t_eui64.o
  CC      net/ipv4/netfilter/nf_nat_proto_common.o
  LD      drivers/media/common/tuners/tda18271.o
  LD      drivers/media/common/tuners/built-in.o
  LD      drivers/media/common/built-in.o
  LD      drivers/media/radio/built-in.o
  CC      drivers/media/rc/keymaps/rc-adstech-dvb-t-pci.o
  CC      drivers/media/rc/keymaps/rc-alink-dtu-m.o
  CC      drivers/media/rc/rc-main.o
  CC      net/ipv6/netfilter/ip6t_frag.o
  CC      net/netfilter/xt_esp.o
  CC      drivers/media/rc/ir-raw.o
  CC      drivers/media/rc/keymaps/rc-anysee.o
  CC      drivers/mfd/pm8xxx-misc.o
  CC      net/ipv4/netfilter/nf_nat_proto_tcp.o
  CC      drivers/media/rc/keymaps/rc-apac-viewcomp.o
  CC      net/netfilter/xt_hashlimit.o
  CC      net/ipv6/netfilter/ip6t_ipv6header.o
  CC      fs/binfmt_elf.o
  CC      drivers/media/rc/keymaps/rc-ati-tv-wonder-hd-600.o
  CC      drivers/media/rc/keymaps/rc-asus-pc39.o
  CC      net/ipv4/netfilter/nf_nat_proto_udp.o
  CC      fs/mbcache.o
  CC      drivers/media/rc/keymaps/rc-ati-x10.o
  CC      net/netfilter/xt_helper.o
  CC      drivers/mfd/pm8xxx-spk.o
  CC      drivers/media/rc/keymaps/rc-avermedia-a16d.o
  CC      net/ipv6/netfilter/ip6t_mh.o
  CC      drivers/media/rc/keymaps/rc-avermedia.o
  CC      net/ipv4/netfilter/nf_nat_proto_icmp.o
  CC      drivers/media/rc/keymaps/rc-avermedia-cardbus.o
  CC      drivers/mfd/pm8xxx-batt-alarm.o
  CC      drivers/media/rc/lirc_dev.o
  CC      net/packet/af_packet.o
  CC      net/netfilter/xt_hl.o
  CC      drivers/media/rc/keymaps/rc-avermedia-dvbt.o
  CC      net/ipv6/netfilter/ip6t_hbh.o
  CC      drivers/media/rc/keymaps/rc-avermedia-m135a.o
  CC      net/ipv4/netfilter/nf_defrag_ipv4.o
  LD      drivers/mfd/built-in.o
  CC      drivers/media/rc/keymaps/rc-avermedia-m733a-rm-k6.o
  CC      net/netfilter/xt_iprange.o
  CC      drivers/misc/pmem.o
  CC      drivers/media/rc/keymaps/rc-avermedia-rm-ks.o
  CC      net/ipv6/netfilter/ip6t_rt.o
  LD      fs/built-in.o
  CC      net/ipv6/netfilter/ip6t_REJECT.o
  CC      net/ipv4/netfilter/nf_nat_amanda.o
  CC      drivers/media/rc/keymaps/rc-avertv-303.o
  CC      drivers/media/rc/keymaps/rc-azurewave-ad-tu700.o
  CC      net/netfilter/xt_length.o
  CC      net/netfilter/xt_limit.o
  CC      drivers/media/rc/keymaps/rc-behold.o
  CC      drivers/media/video/v4l2-dev.o
  CC      net/ipv4/netfilter/nf_nat_ftp.o
  LD      net/ipv6/netfilter/nf_conntrack_ipv6.o
  CC      drivers/media/rc/keymaps/rc-behold-columbus.o
  LD      net/ipv6/netfilter/nf_defrag_ipv6.o
  LD      net/ipv6/netfilter/built-in.o
  CC      net/ipv6/sit.o
  CC      drivers/media/rc/ir-nec-decoder.o
  CC      net/netfilter/xt_mac.o
  CC      drivers/media/rc/keymaps/rc-budget-ci-old.o
  CC      net/ipv4/netfilter/nf_nat_h323.o
  CC      drivers/media/rc/keymaps/rc-cinergy-1400.o
  CC      net/netfilter/xt_multiport.o
  CC      drivers/media/video/v4l2-ioctl.o
  CC      drivers/misc/uid_stat.o
  CC      drivers/media/rc/keymaps/rc-cinergy.o
  CC      drivers/media/rc/keymaps/rc-dib0700-nec.o
  CC      drivers/media/video/v4l2-device.o
  LD      drivers/misc/carma/built-in.o
  CC      drivers/media/rc/keymaps/rc-dib0700-rc5.o
  LD      drivers/misc/cb710/built-in.o
  CC      drivers/misc/eeprom/eeprom_93cx6.o
  CC      net/netfilter/xt_pkttype.o
  LD      net/packet/built-in.o
  CC      net/rfkill/core.o
  CC      drivers/media/rc/keymaps/rc-digitalnow-tinytwin.o
  LD      drivers/misc/eeprom/built-in.o
  LD      drivers/misc/lis3lv02d/built-in.o
  CC      drivers/misc/mpu3050/mpuirq.o
  CC      drivers/misc/mpu3050/slaveirq.o
  CC      net/ipv4/netfilter/nf_nat_irc.o
  CC      drivers/media/rc/keymaps/rc-digittrade.o
  CC      net/ipv6/addrconf_core.o
  CC      net/netfilter/xt_policy.o
  CC      drivers/media/rc/keymaps/rc-dm1105-nec.o
  CC      net/netfilter/xt_qtaguid_print.o
  CC      drivers/media/rc/keymaps/rc-dntv-live-dvb-t.o
  CC      drivers/misc/mpu3050/mpu-dev.o
  CC      net/ipv4/netfilter/nf_nat_pptp.o
  CC      net/ipv6/exthdrs_core.o
  LD      net/rfkill/rfkill.o
  CC      drivers/media/rc/keymaps/rc-dntv-live-dvbt-pro.o
  LD      net/rfkill/built-in.o
  CC      drivers/media/rc/keymaps/rc-em-terratec.o
  CC      drivers/media/rc/keymaps/rc-encore-enltv2.o
  CC      net/netfilter/xt_qtaguid.o
  CC      net/sched/sch_generic.o
  CC      net/sched/sch_mq.o
  CC      drivers/media/rc/keymaps/rc-encore-enltv.o
  CC      net/ipv6/inet6_hashtables.o
  CC      net/ipv4/netfilter/nf_nat_sip.o
  CC      drivers/media/rc/keymaps/rc-encore-enltv-fm53.o
  CC      drivers/media/rc/keymaps/rc-evga-indtube.o
  CC      drivers/misc/mpu3050/mpu-i2c.o
  CC      drivers/media/rc/keymaps/rc-eztv.o
  CC      drivers/media/rc/keymaps/rc-flydvb.o
  CC      drivers/media/video/v4l2-fh.o
  CC      drivers/misc/mpu3050/mlsl-kernel.o
  CC      drivers/misc/mpu3050/mlos-kernel.o
  CC      drivers/media/rc/keymaps/rc-flyvideo.o
  CC      net/sched/sch_api.o
  LD      net/ipv6/ipv6.o
  CC      net/ipv4/netfilter/nf_nat_tftp.o
  LD      net/ipv6/built-in.o
  CC      drivers/media/video/v4l2-event.o
  CC      net/ipv4/netfilter/nf_nat_proto_dccp.o
  CC      drivers/misc/mpu3050/mldl_cfg.o
  CC      drivers/misc/mpu3050/accel/bma250.o
  CC      drivers/media/rc/keymaps/rc-fusionhdtv-mce.o
  CC      drivers/media/rc/keymaps/rc-gadmei-rm008z.o
  CC      drivers/media/rc/keymaps/rc-genius-tvgo-a11mce.o
  CC      net/ipv4/netfilter/nf_nat_proto_gre.o
  CC      drivers/media/video/v4l2-ctrls.o
  CC      drivers/media/video/v4l2-subdev.o
  CC      drivers/media/video/v4l2-int-device.o
  CC      drivers/media/rc/keymaps/rc-gotview7135.o
  CC      drivers/misc/mpu3050/compass/ak8963.o
  CC      drivers/media/rc/keymaps/rc-imon-mce.o
  CC      net/ipv4/netfilter/nf_nat_proto_udplite.o
  CC      net/ipv4/netfilter/nf_nat_proto_sctp.o
  CC      drivers/misc/mpu3050/timerirq.o
  CC      net/netfilter/xt_quota.o
  CC      net/netfilter/xt_quota2.o
  CC      drivers/media/rc/keymaps/rc-imon-pad.o
  CC      drivers/media/rc/keymaps/rc-iodata-bctv7e.o
  CC      net/netfilter/xt_socket.o
  CC      net/sched/sch_blackhole.o
  LD      drivers/misc/mpu3050/mpu3050.o
  CC      net/sched/cls_api.o
  LD      drivers/misc/mpu3050/built-in.o
  CC      drivers/media/rc/keymaps/rc-it913x-v1.o
  LD      drivers/misc/ti-st/built-in.o
  CC      drivers/misc/pm8xxx-vibrator.o
  CC      net/ipv4/netfilter/ip_tables.o
  CC      drivers/misc/qseecom.o
  CC      drivers/media/rc/keymaps/rc-it913x-v2.o
  CC      drivers/media/video/v4l2-common.o
  CC      drivers/media/video/videobuf2-core.o
  CC      drivers/media/rc/keymaps/rc-kaiomy.o
  CC      drivers/media/video/videobuf2-memops.o
  CC      drivers/media/rc/keymaps/rc-kworld-315u.o
  CC      net/netfilter/xt_state.o
  CC      net/sched/act_api.o
  CC      drivers/media/rc/keymaps/rc-kworld-pc150u.o
  CC      net/sched/sch_fifo.o
  CC      net/netfilter/xt_statistic.o
  CC      drivers/media/rc/keymaps/rc-kworld-plus-tv-analog.o
  CC      net/ipv4/netfilter/iptable_filter.o
  CC      drivers/media/rc/keymaps/rc-leadtek-y04g0051.o
  CC      drivers/media/rc/keymaps/rc-lirc.o
  CC      net/netfilter/xt_string.o
  CC      drivers/media/video/videobuf2-vmalloc.o
  CC      drivers/media/video/videobuf2-dma-contig.o
  CC      net/netfilter/xt_tcpmss.o
  CC      drivers/misc/cable_detect_8xxx.o
  CC      drivers/media/rc/keymaps/rc-lme2510.o
  CC      net/ipv4/netfilter/iptable_mangle.o
  LD      net/ipv4/netfilter/iptable_nat.o
  CC      net/sched/sch_htb.o
  CC      drivers/media/rc/keymaps/rc-manli.o
  CC      drivers/media/rc/keymaps/rc-medion-x10.o
  CC      drivers/media/video/videobuf2-dma-sg.o
  CC      drivers/media/video/videobuf2-msm-mem.o
  CC      net/ipv4/netfilter/iptable_raw.o
  CC      drivers/media/rc/keymaps/rc-msi-digivox-ii.o
  CC      net/netfilter/xt_time.o
  CC      net/netfilter/xt_u32.o
  CC      drivers/media/rc/keymaps/rc-msi-digivox-iii.o
  CC      drivers/media/rc/keymaps/rc-msi-tvanywhere.o
  CC      drivers/misc/time_helper.o
  CC      drivers/media/video/ir-kbd-i2c.o
  LD      drivers/media/video/davinci/built-in.o
  CC      net/ipv4/netfilter/iptable_security.o
  CC      drivers/mmc/card/block.o
  CC      drivers/media/video/msm/msm_isp.o
  CC      drivers/media/rc/keymaps/rc-msi-tvanywhere-plus.o
  LD      net/netfilter/netfilter.o
  LD      net/netfilter/built-in.o
  CC      drivers/misc/state_helper.o
  CC      drivers/media/rc/keymaps/rc-nebula.o
  CC      drivers/media/rc/keymaps/rc-nec-terratec-cinergy-xs.o
  CC      net/ipv4/netfilter/ipt_ah.o
  CC      net/unix/af_unix.o
  CC      drivers/media/rc/keymaps/rc-norwood.o
  CC      net/wireless/core.o
  LD      drivers/misc/built-in.o
  CC      drivers/media/rc/keymaps/rc-npgtech.o
  CC      net/wireless/sysfs.o
  CC      net/sched/sch_prio.o
  CC      net/ipv4/netfilter/ipt_MASQUERADE.o
  CC      drivers/media/rc/keymaps/rc-pctv-sedna.o
  CC      drivers/media/video/msm/msm.o
  CC      drivers/media/rc/keymaps/rc-philips.o
  CC      drivers/media/video/msm/msm_mem.o
  CC      drivers/media/rc/keymaps/rc-pinnacle-color.o
  CC      net/sched/cls_u32.o
  CC      net/ipv4/netfilter/ipt_NETMAP.o
  CC      drivers/media/rc/keymaps/rc-pinnacle-grey.o
  CC      drivers/media/rc/keymaps/rc-pinnacle-pctv-hd.o
  CC      net/wireless/radiotap.o
  CC      drivers/media/rc/keymaps/rc-pixelview.o
  CC      net/ipv4/netfilter/ipt_REDIRECT.o
  CC      net/ipv4/netfilter/ipt_REJECT.o
  CC      drivers/mmc/card/queue.o
  CC      drivers/media/rc/keymaps/rc-pixelview-mk12.o
  CC      net/wireless/util.o
  CC      drivers/media/rc/keymaps/rc-pixelview-002t.o
  CC      net/sched/cls_fw.o
  CC      net/sched/cls_flow.o
  CC      net/unix/garbage.o
  CC      drivers/media/rc/keymaps/rc-pixelview-new.o
  CC      net/ipv4/netfilter/arp_tables.o
  LD      drivers/mmc/card/mmc_block.o
  LD      drivers/mmc/card/built-in.o
  CC      drivers/mmc/core/core.o
  CC      drivers/media/rc/keymaps/rc-powercolor-real-angel.o
  CC      drivers/media/rc/keymaps/rc-proteus-2309.o
  CC      drivers/media/rc/keymaps/rc-purpletv.o
  CC      net/xfrm/xfrm_policy.o
  CC      net/unix/sysctl_net_unix.o
  CC      drivers/media/rc/keymaps/rc-pv951.o
  CC      drivers/media/rc/keymaps/rc-hauppauge.o
  CC      net/wireless/reg.o
  CC      net/sched/ematch.o
  CC      drivers/media/video/msm/msm_mctl.o
  LD      net/unix/unix.o
  LD      net/unix/built-in.o
  CC      net/sched/em_cmp.o
  CC      drivers/media/rc/keymaps/rc-rc6-mce.o
  CC      net/ipv4/netfilter/arpt_mangle.o
  CC      drivers/media/rc/keymaps/rc-real-audio-220-32-keys.o
  CC      drivers/media/rc/keymaps/rc-snapstream-firefly.o
  CC      net/ipv4/netfilter/arptable_filter.o
  CC      net/sched/em_nbyte.o
  CC      drivers/media/rc/keymaps/rc-samsung-necx.o
  CC      drivers/media/rc/keymaps/rc-streamzap.o
  CC      drivers/mmc/host/msm_sdcc.o
  CC      drivers/media/rc/keymaps/rc-tbs-nec.o
  LD      net/ipv4/netfilter/nf_conntrack_ipv4.o
  LD      net/ipv4/netfilter/nf_nat.o
  LD      net/ipv4/netfilter/built-in.o
  CC      net/ipv4/inet_diag.o
  CC      net/sched/em_u32.o
  CC      drivers/media/rc/keymaps/rc-technisat-usb2.o
  CC      drivers/media/rc/keymaps/rc-terratec-cinergy-xs.o
  CC      drivers/media/video/msm/msm_mctl_buf.o
  CC      net/wireless/scan.o
  CC      net/sched/em_meta.o
  CC      drivers/media/rc/keymaps/rc-terratec-slim.o
  CC      drivers/mmc/core/bus.o
  CC      drivers/media/rc/keymaps/rc-terratec-slim-2.o
  CC      net/xfrm/xfrm_state.o
  CC      drivers/media/rc/keymaps/rc-tevii-nec.o
  CC      drivers/mmc/core/host.o
  CC      drivers/media/rc/keymaps/rc-tivo.o
  CC      drivers/media/video/msm/msm_mctl_pp.o
  CC      net/ipv4/tcp_diag.o
  CC      drivers/media/rc/keymaps/rc-total-media-in-hand.o
  CC      net/sched/em_text.o
  CC      drivers/media/rc/keymaps/rc-trekstor.o
  CC      net/ipv4/tcp_cubic.o
  CC      drivers/mmc/core/mmc.o
  CC      drivers/media/rc/keymaps/rc-tt-1500.o
  LD      net/sched/built-in.o
  CC      net/wireless/nl80211.o
  CC      net/wireless/mlme.o
  CC      drivers/media/rc/keymaps/rc-twinhan1027.o
  CC      drivers/media/video/msm/actuators/LC898111/HtcActOisBinder.o
  CC      drivers/media/rc/keymaps/rc-ue-rf4ce.o
  CC      net/ipv4/xfrm4_policy.o
  CC      drivers/media/rc/keymaps/rc-videomate-m1f.o
  CC      drivers/media/rc/keymaps/rc-videomate-s350.o
  CC      drivers/media/video/msm/actuators/LC898111/OisIni.o
  CC      net/xfrm/xfrm_hash.o
  CC      drivers/media/video/msm/actuators/LC898111/OisCmd.o
  CC      drivers/media/rc/keymaps/rc-videomate-tv-pvr.o
  CC      net/ipv4/xfrm4_state.o
  CC      drivers/mmc/core/mmc_ops.o
  CC      drivers/media/rc/keymaps/rc-winfast.o
  CC      net/xfrm/xfrm_input.o
  CC      net/xfrm/xfrm_output.o
  LD      drivers/media/video/msm/actuators/LC898111/built-in.o
  CC      drivers/media/video/msm/actuators/msm_actuator.o
  CC      drivers/media/rc/keymaps/rc-winfast-usbii-deluxe.o
  CC      net/ipv4/xfrm4_input.o
  LD      drivers/media/rc/keymaps/built-in.o
  CC      drivers/media/rc/ir-rc5-decoder.o
  CC      drivers/mmc/core/sd.o
  CC      drivers/media/video/msm/actuators/ti201_act.o
  CC      drivers/media/rc/ir-rc6-decoder.o
  CC      net/xfrm/xfrm_algo.o
  CC      net/xfrm/xfrm_sysctl.o
  CC      net/ipv4/xfrm4_output.o
  CC      drivers/media/rc/ir-jvc-decoder.o
  CC      drivers/mmc/host/msm_sdcc_dml.o
  CC      net/wireless/ibss.o
  CC      drivers/media/video/msm/actuators/rumbas_act.o
  CC      net/xfrm/xfrm_replay.o
  CC      drivers/media/rc/ir-sony-decoder.o
  LD      net/ipv4/built-in.o
  CC      drivers/mmc/core/sd_ops.o
  LD      drivers/mmc/host/built-in.o
  CC      drivers/media/rc/ir-rc5-sz-decoder.o
  CC      drivers/media/rc/ir-sanyo-decoder.o
  CC      drivers/media/video/msm/csi/msm_csiphy.o
  CC      drivers/media/video/msm/csi/msm_csid.o
  CC      drivers/mmc/core/sdio.o
  CC      drivers/mmc/core/sdio_ops.o
  CC      net/xfrm/xfrm_user.o
  CC      drivers/media/rc/ir-mce_kbd-decoder.o
  CC      net/xfrm/xfrm_ipcomp.o
  CC      drivers/media/video/msm/actuators/lc898212_act.o
  CC      drivers/media/video/msm/csi/msm_ispif.o
  CC      drivers/media/rc/ir-lirc-codec.o
  CC      drivers/net/dummy.o
  CC      drivers/mmc/core/sdio_bus.o
  LD      drivers/media/rc/rc-core.o
  LD      drivers/media/rc/built-in.o
  LD      drivers/nfc/built-in.o
  CC      drivers/media/video/msm/gemini/msm_gemini_dev.o
  LD      drivers/media/video/msm/csi/built-in.o
  CC      drivers/mmc/core/sdio_cis.o
  LD      drivers/media/video/msm/actuators/built-in.o
  CC      drivers/mmc/core/sdio_io.o
  CC      drivers/mmc/core/sdio_irq.o
  CC      drivers/net/mii.o
  CC      drivers/net/Space.o
  CC      drivers/net/loopback.o
  CC      drivers/media/video/msm/gemini/msm_gemini_sync.o
  CC      drivers/media/video/msm/gemini/msm_gemini_core.o
  CC      drivers/media/video/msm/gemini/msm_gemini_hw.o
  CC      drivers/mmc/core/quirks.o
  CC      net/wireless/sme.o
  CC      net/wireless/chan.o
  CC      drivers/mmc/core/cd-gpio.o
  CC      drivers/mmc/core/debugfs.o
  LD      drivers/net/ethernet/8390/built-in.o
  LD      net/xfrm/built-in.o
  LD      drivers/net/ethernet/broadcom/built-in.o
  LD      drivers/net/ethernet/chelsio/built-in.o
  LD      drivers/net/ethernet/cirrus/built-in.o
  LD      drivers/net/ethernet/faraday/built-in.o
  LD      drivers/net/ethernet/i825xx/built-in.o
  LD      drivers/net/ethernet/intel/built-in.o
  CC      drivers/net/phy/phy.o
  CC      drivers/net/phy/phy_device.o
  LD      drivers/net/ethernet/marvell/built-in.o
  CC      drivers/net/ethernet/micrel/ks8851.o
  CC      drivers/net/phy/mdio_bus.o
  CC      net/sysctl_net.o
  LD      drivers/mmc/core/mmc_core.o
  LD      drivers/mmc/core/built-in.o
  LD      drivers/mmc/built-in.o
  CC      net/activity_stats.o
  CC      drivers/media/video/msm/gemini/msm_gemini_platform.o
  CC      drivers/net/ppp/ppp_generic.o
  CC      drivers/net/slip/slip.o
  CC      net/wireless/ethtool.o
  CC      drivers/net/slip/slhc.o
  LD      drivers/net/phy/libphy.o
  LD      drivers/net/phy/built-in.o
  CC      net/wireless/mesh.o
  CC      net/wireless/wext-compat.o
  LD      drivers/net/ethernet/micrel/built-in.o
  LD      drivers/net/ethernet/microchip/built-in.o
  CC      drivers/net/ethernet/msm/msm_rmnet_bam.o
  LD      drivers/media/video/msm/gemini/built-in.o
  CC      drivers/media/video/msm/io/msm_camera_i2c.o
  CC      drivers/media/video/msm/io/msm_camera_eeprom.o
  CC      drivers/media/video/msm/io/msm_camera_i2c_mux.o
  CC      drivers/net/ppp/ppp_async.o
  LD      drivers/net/ethernet/natsemi/built-in.o
  LD      drivers/pinctrl/built-in.o
  CC      drivers/net/ppp/bsd_comp.o
  CC      drivers/media/video/msm/wfd/mdp-subdev.o
  LD      drivers/net/slip/built-in.o
  CC      drivers/media/video/msm/wfd/enc-subdev.o
  CC      drivers/media/video/msm/io/msm_io_util.o
  LD      drivers/net/ethernet/msm/built-in.o
  LD      drivers/net/ethernet/seeq/built-in.o
  CC      drivers/net/ethernet/smsc/smc91x.o
  CC      net/wireless/wext-sme.o
  CC      net/wireless/wext-core.o
  CC      net/wireless/wext-proc.o
  CC      net/wireless/wext-priv.o
  LD      drivers/media/video/msm/io/built-in.o
  LD      drivers/media/video/msm/rawchip/built-in.o
  CC      drivers/media/video/msm/sensors/msm_sensor.o
  CC      drivers/media/video/msm/sensors/imx135_v4l2.o
  CC      drivers/net/ppp/ppp_deflate.o
  CC      drivers/media/video/msm/sensors/ov4688_v4l2.o
  CC      drivers/media/video/msm/sensors/vd6869_v4l2.o
  LD      net/wireless/cfg80211.o
  LD      net/wireless/built-in.o
  LD      net/built-in.o
  CC      drivers/media/video/msm/wfd/vsg-subdev.o
  CC      drivers/net/ppp/ppp_mppe.o
  CC      drivers/net/ppp/ppp_synctty.o
  CC      drivers/net/ppp/pppox.o
  CC      drivers/net/ppp/pppoe.o
  CC      drivers/media/video/msm/wfd/wfd-ioctl.o
  CC      drivers/media/video/msm/wfd/wfd-util.o
  CC      drivers/net/usb/asix.o
  CC      drivers/net/usb/cdc_ether.o
  CC      drivers/net/usb/net1080.o
  CC      drivers/net/usb/cdc_subset.o
  CC      drivers/media/video/msm/sensors/ar0260_v4l2.o
  CC      drivers/net/ethernet/smsc/smc911x.o
  CC      drivers/net/ethernet/smsc/smsc911x.o
  CC      drivers/media/video/msm/sensors/ov2722_v4l2.o
  CC      drivers/net/ppp/pppolac.o
  CC      drivers/net/ppp/pppopns.o
  CC      drivers/net/usb/zaurus.o
  LD      drivers/media/video/msm/wfd/built-in.o
  CC      drivers/net/usb/usbnet.o
  LD      drivers/net/ethernet/stmicro/built-in.o
  CC      drivers/net/usb/cdc_ncm.o
  LD      drivers/media/video/msm/sensors/built-in.o
  CC      drivers/media/video/msm/swfv/swfa_k.o
  LD      drivers/net/wireless/built-in.o
  LD      drivers/net/wireless/bcmdhd/built-in.o
  CC [M]  drivers/net/wireless/bcmdhd/aiutils.o
  CC [M]  drivers/net/wireless/bcmdhd/bcmsdh_sdmmc_linux.o
  LD      drivers/net/ppp/built-in.o
  CC      drivers/net/usb/rmnet_usb_ctrl.o
  LD      drivers/media/video/msm/swfv/built-in.o
  CC      drivers/media/video/msm/yushanII/file_operation.o
  CC      drivers/media/video/msm/yushanII/rawchip_spi.o
  CC      drivers/media/video/msm/msm_gesture.o
  CC      drivers/net/tun.o
  CC      drivers/media/video/msm/yushanII/yushanII.o
  CC      drivers/media/video/msm/yushanII/ilp0100_customer_iqsettings.o
  CC      drivers/net/usb/rmnet_usb_data.o
  LD      drivers/media/video/videodev.o
  CC      drivers/media/video/msm/yushanII/ilp0100_customer_platform.o
  CC [M]  drivers/net/wireless/bcmdhd/dhd_linux.o
  CC      drivers/platform/msm/ssbi.o
  CC      drivers/platform/msm/sps/bam.o
  CC      drivers/power/power_supply_core.o
  LD      drivers/net/usb/rmnet_usb.o
  LD      drivers/net/usb/built-in.o
  CC      drivers/power/power_supply_sysfs.o
  CC      drivers/regulator/core.o
  CC      drivers/rtc/rtc-lib.o
  CC      drivers/scsi/scsi.o
  CC      drivers/power/power_supply_leds.o
  CC      drivers/media/video/msm/yushanII/ilp0100_customer_sensor_config.o
  CC      drivers/rtc/hctosys.o
  CC      drivers/media/video/msm/yushanII/ilp0100_ST_core.o
  CC      drivers/power/isl9519q.o
  CC      drivers/rtc/class.o
  CC      drivers/rtc/interface.o
  CC      drivers/power/pm8xxx-ccadc.o
  CC      drivers/scsi/hosts.o
  CC      drivers/rtc/rtc-dev.o
  CC      drivers/power/pm8921-bms-htc.o
  CC      drivers/scsi/scsi_ioctl.o
  CC      drivers/rtc/rtc-proc.o
  CC      drivers/regulator/dummy.o
  CC      drivers/rtc/rtc-sysfs.o
  CC      drivers/regulator/fixed-helper.o
  CC      drivers/scsi/constants.o
  CC [M]  drivers/net/wireless/bcmdhd/siutils.o
  CC      drivers/media/video/msm/yushanII/ilp0100_ST_debugging.o
  CC      drivers/rtc/alarm.o
  CC      drivers/regulator/msm-gpio-regulator.o
  CC      drivers/regulator/pm8xxx-regulator.o
  CC      drivers/scsi/scsicam.o
  CC      drivers/rtc/alarm-dev.o
  LD      drivers/media/video/msm/yushanII/built-in.o
  CC      drivers/media/video/msm/msm_axi_qos.o
  CC      drivers/scsi/scsi_error.o
  CC      drivers/rtc/offmode-alarm.o
  CC      drivers/media/video/msm/flash.o
  CC      drivers/platform/msm/sps/sps_bam.o
  CC      drivers/power/pm8921-charger-htc.o
  CC      drivers/rtc/rtc-pm8xxx.o
  CC      drivers/media/video/msm/msm_io_8960.o
  CC [M]  drivers/net/wireless/bcmdhd/bcmutils.o
  LD      drivers/rtc/rtc-core.o
  LD      drivers/rtc/built-in.o
  CC [M]  drivers/net/wireless/bcmdhd/dhd_linux_sched.o
  LD      drivers/regulator/built-in.o
  CC [M]  drivers/net/wireless/bcmdhd/dhd_sdio.o
  CC      drivers/scsi/scsi_lib.o
  CC      drivers/media/video/msm/msm_vfe32.o
  CC      drivers/media/video/msm/msm_vpe.o
  CC      drivers/platform/msm/sps/sps.o
  CC      drivers/platform/msm/sps/sps_dma.o
  CC      drivers/platform/msm/sps/sps_map.o
  CC      drivers/power/pm8921-audio.o
  CC      drivers/scsi/scsi_lib_dma.o
  CC      drivers/scsi/scsi_scan.o
  CC      drivers/scsi/scsi_sysfs.o
  CC      drivers/scsi/scsi_devinfo.o
  CC [M]  drivers/net/wireless/bcmdhd/bcmwifi_channels.o
  CC [M]  drivers/net/wireless/bcmdhd/bcmevent.o
  LD      drivers/power/power_supply.o
  LD      drivers/power/built-in.o
  CC      drivers/scsi/scsi_sysctl.o
  CC      drivers/slimbus/slimbus.o
  CC      drivers/scsi/scsi_proc.o
  CC      drivers/platform/msm/sps/sps_mem.o
  CC      drivers/scsi/scsi_trace.o
  CC      drivers/platform/msm/sps/sps_rm.o
  CC      drivers/spi/spi.o
  CC      drivers/spi/spidev.o
  CC      drivers/scsi/scsi_pm.o
  LD      drivers/platform/msm/sps/built-in.o
  LD      drivers/platform/msm/built-in.o
  LD      drivers/platform/built-in.o
  CC      drivers/scsi/scsi_tgt_lib.o
  LD      drivers/media/video/msm/built-in.o
  CC [M]  drivers/net/wireless/bcmdhd/hndpmu.o
  LD      drivers/media/video/built-in.o
  CC      drivers/staging/staging.o
  CC      drivers/spi/spi_qsd.o
  LD      drivers/media/built-in.o
  CC      drivers/staging/android/binder.o
  CC      drivers/slimbus/slim-msm-ctrl.o
  CC      drivers/scsi/scsi_tgt_if.o
  LD      drivers/staging/media/built-in.o
  CC      drivers/staging/android/ashmem.o
  CC      drivers/staging/android/logger.o
  CC [M]  drivers/net/wireless/bcmdhd/bcmsdh.o
  CC      drivers/scsi/sd.o
  CC      drivers/switch/switch_class.o
  LD      drivers/scsi/arm/built-in.o
  CC      drivers/thermal/thermal_sys.o
  LD      drivers/switch/built-in.o
  CC      drivers/staging/android/persistent_ram.o
  CC [M]  drivers/net/wireless/bcmdhd/dhd_cdc.o
  LD      drivers/slimbus/built-in.o
  CC [M]  drivers/net/wireless/bcmdhd/bcmsdh_linux.o
  CC      drivers/thermal/msm8960_tsens.o
  CC      drivers/staging/qcache/qcache-main.o
  LD      drivers/staging/serial/built-in.o
  CC      drivers/scsi/sg.o
  CC [M]  drivers/net/wireless/bcmdhd/dhd_common.o
  LD      drivers/spi/built-in.o
  CC [M]  drivers/net/wireless/bcmdhd/dhd_wlfc.o
  CC      drivers/staging/android/ram_console_htc.o
  CC      drivers/thermal/pm8xxx-tm.o
  CC      drivers/thermal/msm_thermal.o
  CC      drivers/staging/android/timed_output.o
  LD      drivers/net/ethernet/smsc/built-in.o
  CC      drivers/staging/qcache/tmem.o
  LD      drivers/net/ethernet/built-in.o
  CC [M]  drivers/net/wireless/bcmdhd/dhd_ip.o
  CC      drivers/tty/tty_io.o
  CC      drivers/staging/android/timed_gpio.o
  LD      drivers/thermal/built-in.o
  CC      drivers/staging/android/lowmemorykiller.o
  CC      drivers/scsi/ch.o
  CC [M]  drivers/scsi/scsi_wait_scan.o
  CC      drivers/staging/qcache/fmem.o
  CC      drivers/tty/n_tty.o
  LD      drivers/staging/android/built-in.o
  CC      drivers/tty/tty_ioctl.o
  CC      drivers/tty/tty_ldisc.o
  CC [M]  drivers/net/wireless/bcmdhd/linux_osl.o
  LD      drivers/staging/qcache/qcache.o
  CC      drivers/tty/tty_buffer.o
  LD      drivers/staging/qcache/built-in.o
  LD      drivers/staging/built-in.o
  CC      drivers/tty/tty_port.o
  CC      drivers/usb/class/cdc-acm.o
  CC      drivers/usb/core/usb.o
  LD      drivers/scsi/scsi_mod.o
  LD      drivers/scsi/scsi_tgt.o
  LD      drivers/scsi/sd_mod.o
  LD      drivers/scsi/built-in.o
  CC      drivers/usb/gadget/udc-core.o
  CC      drivers/usb/host/ehci-hcd.o
  CC      drivers/usb/misc/ehset.o
  CC [M]  drivers/net/wireless/bcmdhd/bcmsdh_sdmmc.o
  CC      drivers/usb/misc/diag_bridge.o
  CC      drivers/video/fb_notify.o
  CC      drivers/usb/gadget/ci13xxx_msm.o
  CC      drivers/tty/tty_mutex.o
  CC      drivers/usb/core/hub.o
  CC      drivers/video/fbmem.o
  CC      drivers/usb/misc/mdm_ctrl_bridge.o
  CC      drivers/tty/pty.o
  LD      drivers/usb/class/built-in.o
  CC      drivers/tty/tty_audit.o
  CC [M]  drivers/net/wireless/bcmdhd/dhd_custom_gpio.o
  CC [M]  drivers/net/wireless/bcmdhd/sbutils.o
  CC      drivers/tty/sysrq.o
  CC      drivers/usb/misc/mdm_data_bridge.o
  CC      drivers/video/fbmon.o
  CC      drivers/usb/otg/otg.o
  CC      drivers/usb/otg/msm_otg_htc.o
  CC      drivers/video/fbcmap.o
  LD      drivers/tty/ipwireless/built-in.o
  CC      drivers/tty/serial/serial_core.o
  CC [M]  drivers/net/wireless/bcmdhd/wldev_common.o
  CC      drivers/usb/gadget/android.o
  LD      drivers/usb/misc/mdm_bridge.o
  LD      drivers/usb/misc/built-in.o
  CC [M]  drivers/net/wireless/bcmdhd/wl_android.o
  CC      drivers/video/fbsysfs.o
  CC      drivers/usb/core/hcd.o
  CC      drivers/video/modedb.o
  CC [M]  drivers/net/wireless/bcmdhd/dhd_pno.o
  CC      drivers/video/fbcvt.o
  CC      drivers/tty/serial/msm_serial.o
  CC      drivers/tty/serial/msm_serial_hs.o
  CC      drivers/video/backlight/lcd.o
  CC      drivers/usb/core/urb.o
  CC      drivers/video/backlight/backlight.o
  CC      drivers/video/backlight/generic_bl.o
  LD      drivers/usb/otg/built-in.o
  CC      drivers/usb/core/message.o
  CC [M]  drivers/net/wireless/bcmdhd/wl_iw.o
  CC      drivers/video/msm/msm_fb.o
  LD      drivers/video/backlight/built-in.o
  CC [M]  drivers/net/wireless/bcmdhd/wl_cfg80211.o
  CC      drivers/tty/serial/msm_serial_hs_brcm.o
  LD      drivers/usb/host/built-in.o
  CC      drivers/tty/serial/msm_serial_hs_lite.o
  CC      drivers/usb/core/driver.o
  CC      drivers/usb/core/config.o
  CC      drivers/usb/core/file.o
  CC [M]  drivers/net/wireless/bcmdhd/wl_cfgp2p.o
  CC [M]  drivers/net/wireless/bcmdhd/wl_linux_mon.o
  CC      drivers/tty/serial/msm_serial_hs_cir_lite.o
  LD      drivers/tty/vt/built-in.o
  CC      drivers/usb/core/buffer.o
  CC      drivers/usb/serial/usb-serial.o
  CC      drivers/video/msm/mdp.o
  CC      drivers/video/msm/mdp_debugfs.o
  CC      drivers/usb/core/sysfs.o
  CC      drivers/usb/core/endpoint.o
  CC      drivers/usb/serial/generic.o
  CC      drivers/usb/core/devio.o
  CC      drivers/usb/core/notify.o
  LD      drivers/tty/serial/built-in.o
  LD      drivers/tty/built-in.o
  CC      drivers/usb/core/generic.o
  CC      drivers/usb/storage/alauda.o
  CC      drivers/usb/serial/bus.o
  CC      drivers/usb/usb-common.o
  CC      drivers/usb/storage/cypress_atacb.o
  CC      drivers/usb/storage/datafab.o
  CC      drivers/video/msm/mdp4_util.o
  CC      drivers/usb/serial/qcserial.o
  CC      drivers/video/msm/mdp4_overlay.o
  CC      drivers/video/msm/mdp4_overlay_lcdc.o
  CC      drivers/usb/serial/usb_wwan.o
  CC      drivers/usb/storage/freecom.o
  CC      drivers/usb/core/quirks.o
  CC      drivers/usb/storage/isd200.o
  CC      drivers/usb/core/devices.o
  LD      drivers/video/omap2/displays/built-in.o
  LD      drivers/video/omap2/built-in.o
  CC      drivers/video/msm/mdp4_overlay_dsi_video.o
  LD      drivers/usb/serial/usbserial.o
  LD      drivers/usb/serial/built-in.o
  CC      drivers/video/msm/mdp4_overlay_dsi_cmd.o
  LD      drivers/usb/core/usbcore.o
  LD      drivers/usb/core/built-in.o
  CC      drivers/usb/storage/jumpshot.o
  CC      drivers/video/cfbfillrect.o
  CC [M]  drivers/net/wireless/bcmdhd/dhd_cfg80211.o
  CC      drivers/usb/storage/karma.o
  CC      drivers/usb/storage/onetouch.o
  CC      drivers/usb/storage/sddr09.o
  CC      drivers/usb/storage/sddr55.o
  CC      drivers/video/cfbcopyarea.o
  CC      drivers/video/cfbimgblt.o
  CC      drivers/video/sysfillrect.o
  CC      drivers/video/msm/mdp4_dtv.o
  CC      drivers/video/syscopyarea.o
  CC      drivers/video/sysimgblt.o
  CC      drivers/usb/storage/shuttle_usbat.o
  CC      drivers/video/msm/mdp4_overlay_dtv.o
  CC      drivers/video/msm/mdp_dma.o
  CC      drivers/video/fb_sys_fops.o
  CC      drivers/video/msm/mdp_dma_s.o
  CC      drivers/video/msm/mdp_vsync.o
  CC      drivers/video/msm/mdp_cursor.o
  CC      drivers/usb/storage/libusual.o
  CC      drivers/usb/storage/usual-tables.o
  CC      drivers/usb/storage/scsiglue.o
  LD [M]  drivers/net/wireless/bcmdhd/bcmdhd.o
  LD      drivers/net/built-in.o
  CC      drivers/video/vfb.o
  CC      drivers/usb/storage/protocol.o
  CC      drivers/usb/storage/transport.o
  CC      drivers/video/msm/mdp_dma_tv.o
  CC      drivers/usb/storage/usb.o
  CC      drivers/usb/storage/initializers.o
  CC      drivers/usb/storage/sierra_ms.o
  CC      drivers/usb/storage/option_ms.o
  CC      drivers/video/msm/msm_dss_io_8960.o
  CC      drivers/video/msm/mipi_dsi.o
  LD      drivers/video/fb.o
  CC      drivers/video/msm/mipi_dsi_host.o
  CC      drivers/video/msm/msm_fb_panel.o
  CC      drivers/video/msm/hdmi_msm.o
  CC      drivers/video/msm/external_common.o
  LD      drivers/usb/storage/usb-storage.o
  LD      drivers/usb/storage/usb-libusual.o
  LD      drivers/usb/storage/ums-alauda.o
  LD      drivers/usb/storage/ums-cypress.o
  LD      drivers/usb/storage/ums-datafab.o
  LD      drivers/usb/storage/ums-freecom.o
  LD      drivers/usb/storage/ums-isd200.o
  LD      drivers/usb/storage/ums-jumpshot.o
  LD      drivers/usb/storage/ums-karma.o
  LD      drivers/usb/storage/ums-onetouch.o
  LD      drivers/usb/storage/ums-sddr09.o
  LD      drivers/usb/storage/ums-sddr55.o
  LD      drivers/usb/storage/ums-usbat.o
  LD      drivers/usb/storage/built-in.o
  CC      drivers/video/msm/mdp4_wfd_writeback_panel.o
  CC      drivers/video/msm/mdp4_wfd_writeback.o
  CC      drivers/video/msm/mdp4_overlay_writeback.o
  CC      drivers/video/msm/sii9234/sii9234.o
  CC      drivers/video/msm/vidc/common/init/vidc_init.o
  CC      drivers/video/msm/sii9234/i2c_master_sw.o
  CC      drivers/video/msm/sii9234/TPI.o
  LD      drivers/video/msm/msm_mipi.o
  CC      drivers/video/msm/sii9234/TPI_Access.o
  CC      drivers/video/msm/vidc/common/vcd/vcd_api.o
  CC      drivers/video/msm/sii9234/Util.o
  CC      drivers/video/msm/vidc/common/vcd/vcd_power_sm.o
  CC      drivers/video/msm/vidc/common/vcd/vcd_client_sm.o
  CC      drivers/video/msm/sii9234/sii_mhltx.o
  CC      drivers/video/msm/sii9234/mhltx_rcptable.o
  CC      drivers/video/msm/vidc/common/vcd/vcd_device_sm.o
  CC      drivers/video/msm/vidc/common/vcd/vcd_scheduler.o
  CC      drivers/video/msm/vidc/common/vcd/vcd_sub.o
  CC      drivers/video/msm/vidc/1080p/ddl/vcd_ddl_helper.o
  LD      drivers/video/msm/sii9234/built-in.o
  CC      drivers/video/msm/vidc/1080p/ddl/vcd_ddl_utils.o
  CC      drivers/video/msm/vidc/1080p/ddl/vcd_ddl_interrupt_handler.o
  CC      drivers/video/msm/vidc/1080p/ddl/vcd_ddl_properties.o
  CC      drivers/video/msm/vidc/1080p/ddl/vcd_ddl_errors.o
  CC      drivers/video/msm/vidc/1080p/ddl/vcd_ddl_shared_mem.o
  LD      drivers/usb/gadget/g_android.o
  LD      drivers/usb/gadget/built-in.o
  LD      drivers/usb/built-in.o
  CC      drivers/video/msm/vidc/1080p/ddl/vidc.o
  CC      drivers/video/msm/vidc/1080p/ddl/vidc_pix_cache.o
  CC      drivers/video/msm/vidc/1080p/ddl/vcd_ddl_vidc.o
  CC      drivers/video/msm/vidc/1080p/ddl/vcd_ddl.o
  CC      drivers/video/msm/vidc/1080p/ddl/vcd_ddl_metadata.o
  CC      drivers/video/msm/vidc/1080p/resource_tracker/vcd_res_tracker.o
  CC      drivers/video/msm/vidc/common/dec/vdec.o
  CC      drivers/video/msm/vidc/common/enc/venc.o
  CC      drivers/video/msm/vidc/common/enc/venc_internal.o
  LD      drivers/video/msm/vidc/vidc.o
  LD      drivers/video/msm/vidc/vidc_vdec.o
  LD      drivers/video/msm/vidc/vidc_venc.o
  LD      drivers/video/msm/vidc/built-in.o
  LD      drivers/video/msm/built-in.o
  LD      drivers/video/built-in.o
  LD      drivers/built-in.o
  LD      vmlinux.o
  MODPOST vmlinux.o
  GEN     .version
  CHK     include/generated/compile.h
  UPD     include/generated/compile.h
  CC      init/version.o
  LD      init/built-in.o
  LD      .tmp_vmlinux1
  KSYM    .tmp_kallsyms1.S
  AS      .tmp_kallsyms1.o
  LD      .tmp_vmlinux2
  KSYM    .tmp_kallsyms2.S
  AS      .tmp_kallsyms2.o
  LD      vmlinux
  SYSMAP  System.map
  SYSMAP  .tmp_System.map
  OBJCOPY arch/arm/boot/Image
  Building modules, stage 2.
  MODPOST 6 modules
  Kernel: arch/arm/boot/Image is ready
  AS      arch/arm/boot/compressed/head.o
  CC      arch/arm/boot/compressed/misc.o
  CC      arch/arm/boot/compressed/decompress.o
  LZO     arch/arm/boot/compressed/piggy.lzo
  CC      arch/arm/boot/compressed/string.o
  SHIPPED arch/arm/boot/compressed/lib1funcs.S
  SHIPPED arch/arm/boot/compressed/ashldi3.S
  AS      arch/arm/boot/compressed/lib1funcs.o
  AS      arch/arm/boot/compressed/ashldi3.o
  CC      drivers/crypto/msm/qce40.mod.o
  CC      drivers/crypto/msm/qcedev.mod.o
  CC      drivers/crypto/msm/qcrypto.mod.o
  CC      drivers/net/wireless/bcmdhd/bcmdhd.mod.o
  CC      drivers/scsi/scsi_wait_scan.mod.o
  CC      fs/cifs/cifs.mod.o
  LD [M]  drivers/crypto/msm/qce40.ko
  LD [M]  drivers/scsi/scsi_wait_scan.ko
  LD [M]  drivers/crypto/msm/qcrypto.ko
  LD [M]  drivers/crypto/msm/qcedev.ko
  LD [M]  fs/cifs/cifs.ko
  LD [M]  drivers/net/wireless/bcmdhd/bcmdhd.ko
  AS      arch/arm/boot/compressed/piggy.lzo.o
  LD      arch/arm/boot/compressed/vmlinux
  OBJCOPY arch/arm/boot/zImage
  Kernel: arch/arm/boot/zImage is ready
